ARM GAS  C:\Users\Admin\AppData\Local\Temp\ccI1jm1B.s 			page 1


   1              		.cpu cortex-m0
   2              		.fpu softvfp
   3              		.eabi_attribute 20, 1
   4              		.eabi_attribute 21, 1
   5              		.eabi_attribute 23, 3
   6              		.eabi_attribute 24, 1
   7              		.eabi_attribute 25, 1
   8              		.eabi_attribute 26, 1
   9              		.eabi_attribute 30, 6
  10              		.eabi_attribute 34, 0
  11              		.eabi_attribute 18, 4
  12              		.code	16
  13              		.file	"UART_UART.c"
  14              		.text
  15              	.Ltext0:
  16              		.cfi_sections	.debug_frame
  17              		.section	.text.UART_UartInit,"ax",%progbits
  18              		.align	2
  19              		.global	UART_UartInit
  20              		.code	16
  21              		.thumb_func
  22              		.type	UART_UartInit, %function
  23              	UART_UartInit:
  24              	.LFB2:
  25              		.file 1 ".\\Generated_Source\\PSoC4\\UART_UART.c"
   1:.\Generated_Source\PSoC4/UART_UART.c **** /*******************************************************************************
   2:.\Generated_Source\PSoC4/UART_UART.c **** * File Name: UART_UART.c
   3:.\Generated_Source\PSoC4/UART_UART.c **** * Version 2.0
   4:.\Generated_Source\PSoC4/UART_UART.c **** *
   5:.\Generated_Source\PSoC4/UART_UART.c **** * Description:
   6:.\Generated_Source\PSoC4/UART_UART.c **** *  This file provides the source code to the API for the SCB Component in
   7:.\Generated_Source\PSoC4/UART_UART.c **** *  UART mode.
   8:.\Generated_Source\PSoC4/UART_UART.c **** *
   9:.\Generated_Source\PSoC4/UART_UART.c **** * Note:
  10:.\Generated_Source\PSoC4/UART_UART.c **** *
  11:.\Generated_Source\PSoC4/UART_UART.c **** *******************************************************************************
  12:.\Generated_Source\PSoC4/UART_UART.c **** * Copyright 2013-2014, Cypress Semiconductor Corporation.  All rights reserved.
  13:.\Generated_Source\PSoC4/UART_UART.c **** * You may use this file only in accordance with the license, terms, conditions,
  14:.\Generated_Source\PSoC4/UART_UART.c **** * disclaimers, and limitations in the end user license agreement accompanying
  15:.\Generated_Source\PSoC4/UART_UART.c **** * the software package with which this file was provided.
  16:.\Generated_Source\PSoC4/UART_UART.c **** *******************************************************************************/
  17:.\Generated_Source\PSoC4/UART_UART.c **** 
  18:.\Generated_Source\PSoC4/UART_UART.c **** #include "UART_PVT.h"
  19:.\Generated_Source\PSoC4/UART_UART.c **** #include "UART_SPI_UART_PVT.h"
  20:.\Generated_Source\PSoC4/UART_UART.c **** 
  21:.\Generated_Source\PSoC4/UART_UART.c **** 
  22:.\Generated_Source\PSoC4/UART_UART.c **** #if(UART_SCB_MODE_UNCONFIG_CONST_CFG)
  23:.\Generated_Source\PSoC4/UART_UART.c **** 
  24:.\Generated_Source\PSoC4/UART_UART.c ****     /***************************************
  25:.\Generated_Source\PSoC4/UART_UART.c ****     *  Configuration Structure Initialization
  26:.\Generated_Source\PSoC4/UART_UART.c ****     ***************************************/
  27:.\Generated_Source\PSoC4/UART_UART.c **** 
  28:.\Generated_Source\PSoC4/UART_UART.c ****     const UART_UART_INIT_STRUCT UART_configUart =
  29:.\Generated_Source\PSoC4/UART_UART.c ****     {
  30:.\Generated_Source\PSoC4/UART_UART.c ****         UART_UART_SUB_MODE,
  31:.\Generated_Source\PSoC4/UART_UART.c ****         UART_UART_DIRECTION,
  32:.\Generated_Source\PSoC4/UART_UART.c ****         UART_UART_DATA_BITS_NUM,
ARM GAS  C:\Users\Admin\AppData\Local\Temp\ccI1jm1B.s 			page 2


  33:.\Generated_Source\PSoC4/UART_UART.c ****         UART_UART_PARITY_TYPE,
  34:.\Generated_Source\PSoC4/UART_UART.c ****         UART_UART_STOP_BITS_NUM,
  35:.\Generated_Source\PSoC4/UART_UART.c ****         UART_UART_OVS_FACTOR,
  36:.\Generated_Source\PSoC4/UART_UART.c ****         UART_UART_IRDA_LOW_POWER,
  37:.\Generated_Source\PSoC4/UART_UART.c ****         UART_UART_MEDIAN_FILTER_ENABLE,
  38:.\Generated_Source\PSoC4/UART_UART.c ****         UART_UART_RETRY_ON_NACK,
  39:.\Generated_Source\PSoC4/UART_UART.c ****         UART_UART_IRDA_POLARITY,
  40:.\Generated_Source\PSoC4/UART_UART.c ****         UART_UART_DROP_ON_PARITY_ERR,
  41:.\Generated_Source\PSoC4/UART_UART.c ****         UART_UART_DROP_ON_FRAME_ERR,
  42:.\Generated_Source\PSoC4/UART_UART.c ****         UART_UART_WAKE_ENABLE,
  43:.\Generated_Source\PSoC4/UART_UART.c ****         0u,
  44:.\Generated_Source\PSoC4/UART_UART.c ****         NULL,
  45:.\Generated_Source\PSoC4/UART_UART.c ****         0u,
  46:.\Generated_Source\PSoC4/UART_UART.c ****         NULL,
  47:.\Generated_Source\PSoC4/UART_UART.c ****         UART_UART_MP_MODE_ENABLE,
  48:.\Generated_Source\PSoC4/UART_UART.c ****         UART_UART_MP_ACCEPT_ADDRESS,
  49:.\Generated_Source\PSoC4/UART_UART.c ****         UART_UART_MP_RX_ADDRESS,
  50:.\Generated_Source\PSoC4/UART_UART.c ****         UART_UART_MP_RX_ADDRESS_MASK,
  51:.\Generated_Source\PSoC4/UART_UART.c ****         (uint32) UART_SCB_IRQ_INTERNAL,
  52:.\Generated_Source\PSoC4/UART_UART.c ****         UART_UART_INTR_RX_MASK,
  53:.\Generated_Source\PSoC4/UART_UART.c ****         UART_UART_RX_TRIGGER_LEVEL,
  54:.\Generated_Source\PSoC4/UART_UART.c ****         UART_UART_INTR_TX_MASK,
  55:.\Generated_Source\PSoC4/UART_UART.c ****         UART_UART_TX_TRIGGER_LEVEL,
  56:.\Generated_Source\PSoC4/UART_UART.c ****         (uint8) UART_UART_BYTE_MODE_ENABLE,
  57:.\Generated_Source\PSoC4/UART_UART.c ****         (uint8) UART_UART_CTS_ENABLE,
  58:.\Generated_Source\PSoC4/UART_UART.c ****         (uint8) UART_UART_CTS_POLARITY,
  59:.\Generated_Source\PSoC4/UART_UART.c ****         (uint8) UART_UART_RTS_POLARITY,
  60:.\Generated_Source\PSoC4/UART_UART.c ****         (uint8) UART_UART_RTS_FIFO_LEVEL
  61:.\Generated_Source\PSoC4/UART_UART.c ****     };
  62:.\Generated_Source\PSoC4/UART_UART.c **** 
  63:.\Generated_Source\PSoC4/UART_UART.c **** 
  64:.\Generated_Source\PSoC4/UART_UART.c ****     /*******************************************************************************
  65:.\Generated_Source\PSoC4/UART_UART.c ****     * Function Name: UART_UartInit
  66:.\Generated_Source\PSoC4/UART_UART.c ****     ********************************************************************************
  67:.\Generated_Source\PSoC4/UART_UART.c ****     *
  68:.\Generated_Source\PSoC4/UART_UART.c ****     * Summary:
  69:.\Generated_Source\PSoC4/UART_UART.c ****     *  Configures the SCB for the UART operation.
  70:.\Generated_Source\PSoC4/UART_UART.c ****     *
  71:.\Generated_Source\PSoC4/UART_UART.c ****     * Parameters:
  72:.\Generated_Source\PSoC4/UART_UART.c ****     *  config:  Pointer to a structure that contains the following ordered list of
  73:.\Generated_Source\PSoC4/UART_UART.c ****     *           fields. These fields match the selections available in the
  74:.\Generated_Source\PSoC4/UART_UART.c ****     *           customizer.
  75:.\Generated_Source\PSoC4/UART_UART.c ****     *
  76:.\Generated_Source\PSoC4/UART_UART.c ****     * Return:
  77:.\Generated_Source\PSoC4/UART_UART.c ****     *  None
  78:.\Generated_Source\PSoC4/UART_UART.c ****     *
  79:.\Generated_Source\PSoC4/UART_UART.c ****     *******************************************************************************/
  80:.\Generated_Source\PSoC4/UART_UART.c ****     void UART_UartInit(const UART_UART_INIT_STRUCT *config)
  81:.\Generated_Source\PSoC4/UART_UART.c ****     {
  82:.\Generated_Source\PSoC4/UART_UART.c ****         uint32 pinsConfig;
  83:.\Generated_Source\PSoC4/UART_UART.c **** 
  84:.\Generated_Source\PSoC4/UART_UART.c ****         if(NULL == config)
  85:.\Generated_Source\PSoC4/UART_UART.c ****         {
  86:.\Generated_Source\PSoC4/UART_UART.c ****             CYASSERT(0u != 0u); /* Halt execution due to bad function parameter */
  87:.\Generated_Source\PSoC4/UART_UART.c ****         }
  88:.\Generated_Source\PSoC4/UART_UART.c ****         else
  89:.\Generated_Source\PSoC4/UART_UART.c ****         {
ARM GAS  C:\Users\Admin\AppData\Local\Temp\ccI1jm1B.s 			page 3


  90:.\Generated_Source\PSoC4/UART_UART.c ****             /* Get direction to configure UART pins: TX, RX or TX+RX */
  91:.\Generated_Source\PSoC4/UART_UART.c ****             pinsConfig  = config->direction;
  92:.\Generated_Source\PSoC4/UART_UART.c **** 
  93:.\Generated_Source\PSoC4/UART_UART.c ****         #if !(UART_CY_SCBIP_V0 || UART_CY_SCBIP_V1)
  94:.\Generated_Source\PSoC4/UART_UART.c ****             /* Add RTS and CTS pins to configure */
  95:.\Generated_Source\PSoC4/UART_UART.c ****             pinsConfig |= (0u != config->rtsRxFifoLevel) ? (UART_UART_RTS_PIN_ENABLE) : (0u);
  96:.\Generated_Source\PSoC4/UART_UART.c ****             pinsConfig |= (0u != config->enableCts)         ? (UART_UART_CTS_PIN_ENABLE) : (0u);
  97:.\Generated_Source\PSoC4/UART_UART.c ****         #endif /* !(UART_CY_SCBIP_V0 || UART_CY_SCBIP_V1) */
  98:.\Generated_Source\PSoC4/UART_UART.c **** 
  99:.\Generated_Source\PSoC4/UART_UART.c ****             /* Configure pins */
 100:.\Generated_Source\PSoC4/UART_UART.c ****             UART_SetPins(UART_SCB_MODE_UART, config->mode, pinsConfig);
 101:.\Generated_Source\PSoC4/UART_UART.c **** 
 102:.\Generated_Source\PSoC4/UART_UART.c ****             /* Store internal configuration */
 103:.\Generated_Source\PSoC4/UART_UART.c ****             UART_scbMode       = (uint8) UART_SCB_MODE_UART;
 104:.\Generated_Source\PSoC4/UART_UART.c ****             UART_scbEnableWake = (uint8) config->enableWake;
 105:.\Generated_Source\PSoC4/UART_UART.c ****             UART_scbEnableIntr = (uint8) config->enableInterrupt;
 106:.\Generated_Source\PSoC4/UART_UART.c **** 
 107:.\Generated_Source\PSoC4/UART_UART.c ****             /* Set RX direction internal variables */
 108:.\Generated_Source\PSoC4/UART_UART.c ****             UART_rxBuffer      =         config->rxBuffer;
 109:.\Generated_Source\PSoC4/UART_UART.c ****             UART_rxDataBits    = (uint8) config->dataBits;
 110:.\Generated_Source\PSoC4/UART_UART.c ****             UART_rxBufferSize  = (uint8) config->rxBufferSize;
 111:.\Generated_Source\PSoC4/UART_UART.c **** 
 112:.\Generated_Source\PSoC4/UART_UART.c ****             /* Set TX direction internal variables */
 113:.\Generated_Source\PSoC4/UART_UART.c ****             UART_txBuffer      =         config->txBuffer;
 114:.\Generated_Source\PSoC4/UART_UART.c ****             UART_txDataBits    = (uint8) config->dataBits;
 115:.\Generated_Source\PSoC4/UART_UART.c ****             UART_txBufferSize  = (uint8) config->txBufferSize;
 116:.\Generated_Source\PSoC4/UART_UART.c **** 
 117:.\Generated_Source\PSoC4/UART_UART.c ****             /* Configure UART interface */
 118:.\Generated_Source\PSoC4/UART_UART.c ****             if(UART_UART_MODE_IRDA == config->mode)
 119:.\Generated_Source\PSoC4/UART_UART.c ****             {
 120:.\Generated_Source\PSoC4/UART_UART.c ****                 /* OVS settings: IrDA */
 121:.\Generated_Source\PSoC4/UART_UART.c ****                 UART_CTRL_REG  = ((0u != config->enableIrdaLowPower) ?
 122:.\Generated_Source\PSoC4/UART_UART.c ****                                                 (UART_UART_GET_CTRL_OVS_IRDA_LP(config->oversample)
 123:.\Generated_Source\PSoC4/UART_UART.c ****                                                 (UART_CTRL_OVS_IRDA_OVS16));
 124:.\Generated_Source\PSoC4/UART_UART.c ****             }
 125:.\Generated_Source\PSoC4/UART_UART.c ****             else
 126:.\Generated_Source\PSoC4/UART_UART.c ****             {
 127:.\Generated_Source\PSoC4/UART_UART.c ****                 /* OVS settings: UART and SmartCard */
 128:.\Generated_Source\PSoC4/UART_UART.c ****                 UART_CTRL_REG  = UART_GET_CTRL_OVS(config->oversample);
 129:.\Generated_Source\PSoC4/UART_UART.c ****             }
 130:.\Generated_Source\PSoC4/UART_UART.c **** 
 131:.\Generated_Source\PSoC4/UART_UART.c ****             UART_CTRL_REG     |= UART_GET_CTRL_BYTE_MODE  (config->enableByteMode)      |
 132:.\Generated_Source\PSoC4/UART_UART.c ****                                              UART_GET_CTRL_ADDR_ACCEPT(config->multiprocAcceptAddr)
 133:.\Generated_Source\PSoC4/UART_UART.c ****                                              UART_CTRL_UART;
 134:.\Generated_Source\PSoC4/UART_UART.c **** 
 135:.\Generated_Source\PSoC4/UART_UART.c ****             /* Configure sub-mode: UART, SmartCard or IrDA */
 136:.\Generated_Source\PSoC4/UART_UART.c ****             UART_UART_CTRL_REG = UART_GET_UART_CTRL_MODE(config->mode);
 137:.\Generated_Source\PSoC4/UART_UART.c **** 
 138:.\Generated_Source\PSoC4/UART_UART.c ****             /* Configure RX direction */
 139:.\Generated_Source\PSoC4/UART_UART.c ****             UART_UART_RX_CTRL_REG = UART_GET_UART_RX_CTRL_MODE(config->stopBits)              |
 140:.\Generated_Source\PSoC4/UART_UART.c ****                                         UART_GET_UART_RX_CTRL_POLARITY(config->enableInvertedRx)   
 141:.\Generated_Source\PSoC4/UART_UART.c ****                                         UART_GET_UART_RX_CTRL_MP_MODE(config->enableMultiproc)     
 142:.\Generated_Source\PSoC4/UART_UART.c ****                                         UART_GET_UART_RX_CTRL_DROP_ON_PARITY_ERR(config->dropOnPari
 143:.\Generated_Source\PSoC4/UART_UART.c ****                                         UART_GET_UART_RX_CTRL_DROP_ON_FRAME_ERR(config->dropOnFrame
 144:.\Generated_Source\PSoC4/UART_UART.c **** 
 145:.\Generated_Source\PSoC4/UART_UART.c ****             if(UART_UART_PARITY_NONE != config->parity)
 146:.\Generated_Source\PSoC4/UART_UART.c ****             {
ARM GAS  C:\Users\Admin\AppData\Local\Temp\ccI1jm1B.s 			page 4


 147:.\Generated_Source\PSoC4/UART_UART.c ****                UART_UART_RX_CTRL_REG |= UART_GET_UART_RX_CTRL_PARITY(config->parity) |
 148:.\Generated_Source\PSoC4/UART_UART.c ****                                                     UART_UART_RX_CTRL_PARITY_ENABLED;
 149:.\Generated_Source\PSoC4/UART_UART.c ****             }
 150:.\Generated_Source\PSoC4/UART_UART.c **** 
 151:.\Generated_Source\PSoC4/UART_UART.c ****             UART_RX_CTRL_REG      = UART_GET_RX_CTRL_DATA_WIDTH(config->dataBits)       |
 152:.\Generated_Source\PSoC4/UART_UART.c ****                                                 UART_GET_RX_CTRL_MEDIAN(config->enableMedianFilter)
 153:.\Generated_Source\PSoC4/UART_UART.c ****                                                 UART_GET_UART_RX_CTRL_ENABLED(config->direction);
 154:.\Generated_Source\PSoC4/UART_UART.c **** 
 155:.\Generated_Source\PSoC4/UART_UART.c ****             UART_RX_FIFO_CTRL_REG = UART_GET_RX_FIFO_CTRL_TRIGGER_LEVEL(config->rxTriggerLevel);
 156:.\Generated_Source\PSoC4/UART_UART.c **** 
 157:.\Generated_Source\PSoC4/UART_UART.c ****             /* Configure MP address */
 158:.\Generated_Source\PSoC4/UART_UART.c ****             UART_RX_MATCH_REG     = UART_GET_RX_MATCH_ADDR(config->multiprocAddr) |
 159:.\Generated_Source\PSoC4/UART_UART.c ****                                                 UART_GET_RX_MATCH_MASK(config->multiprocAddrMask);
 160:.\Generated_Source\PSoC4/UART_UART.c **** 
 161:.\Generated_Source\PSoC4/UART_UART.c ****             /* Configure RX direction */
 162:.\Generated_Source\PSoC4/UART_UART.c ****             UART_UART_TX_CTRL_REG = UART_GET_UART_TX_CTRL_MODE(config->stopBits) |
 163:.\Generated_Source\PSoC4/UART_UART.c ****                                                 UART_GET_UART_TX_CTRL_RETRY_NACK(config->enableRetr
 164:.\Generated_Source\PSoC4/UART_UART.c **** 
 165:.\Generated_Source\PSoC4/UART_UART.c ****             if(UART_UART_PARITY_NONE != config->parity)
 166:.\Generated_Source\PSoC4/UART_UART.c ****             {
 167:.\Generated_Source\PSoC4/UART_UART.c ****                UART_UART_TX_CTRL_REG |= UART_GET_UART_TX_CTRL_PARITY(config->parity) |
 168:.\Generated_Source\PSoC4/UART_UART.c ****                                                     UART_UART_TX_CTRL_PARITY_ENABLED;
 169:.\Generated_Source\PSoC4/UART_UART.c ****             }
 170:.\Generated_Source\PSoC4/UART_UART.c **** 
 171:.\Generated_Source\PSoC4/UART_UART.c ****             UART_TX_CTRL_REG      = UART_GET_TX_CTRL_DATA_WIDTH(config->dataBits)    |
 172:.\Generated_Source\PSoC4/UART_UART.c ****                                                 UART_GET_UART_TX_CTRL_ENABLED(config->direction);
 173:.\Generated_Source\PSoC4/UART_UART.c **** 
 174:.\Generated_Source\PSoC4/UART_UART.c ****             UART_TX_FIFO_CTRL_REG = UART_GET_TX_FIFO_CTRL_TRIGGER_LEVEL(config->txTriggerLevel);
 175:.\Generated_Source\PSoC4/UART_UART.c **** 
 176:.\Generated_Source\PSoC4/UART_UART.c ****         #if !(UART_CY_SCBIP_V0 || UART_CY_SCBIP_V1)
 177:.\Generated_Source\PSoC4/UART_UART.c ****             UART_UART_FLOW_CTRL_REG = UART_GET_UART_FLOW_CTRL_CTS_ENABLE(config->enableCts) | \
 178:.\Generated_Source\PSoC4/UART_UART.c ****                                             UART_GET_UART_FLOW_CTRL_CTS_POLARITY (config->ctsPolari
 179:.\Generated_Source\PSoC4/UART_UART.c ****                                             UART_GET_UART_FLOW_CTRL_RTS_POLARITY(config->rtsPolarit
 180:.\Generated_Source\PSoC4/UART_UART.c ****                                             UART_GET_UART_FLOW_CTRL_TRIGGER_LEVEL(config->rtsRxFifo
 181:.\Generated_Source\PSoC4/UART_UART.c ****         #endif /* !(UART_CY_SCBIP_V0 || UART_CY_SCBIP_V1) */
 182:.\Generated_Source\PSoC4/UART_UART.c **** 
 183:.\Generated_Source\PSoC4/UART_UART.c ****             /* Configure interrupt with UART handler but do not enable it */
 184:.\Generated_Source\PSoC4/UART_UART.c ****             CyIntDisable    (UART_ISR_NUMBER);
 185:.\Generated_Source\PSoC4/UART_UART.c ****             CyIntSetPriority(UART_ISR_NUMBER, UART_ISR_PRIORITY);
 186:.\Generated_Source\PSoC4/UART_UART.c ****             (void) CyIntSetVector(UART_ISR_NUMBER, &UART_SPI_UART_ISR);
 187:.\Generated_Source\PSoC4/UART_UART.c **** 
 188:.\Generated_Source\PSoC4/UART_UART.c ****             /* Configure WAKE interrupt */
 189:.\Generated_Source\PSoC4/UART_UART.c ****         #if(UART_UART_RX_WAKEUP_IRQ)
 190:.\Generated_Source\PSoC4/UART_UART.c ****             CyIntDisable    (UART_RX_WAKE_ISR_NUMBER);
 191:.\Generated_Source\PSoC4/UART_UART.c ****             CyIntSetPriority(UART_RX_WAKE_ISR_NUMBER, UART_RX_WAKE_ISR_PRIORITY);
 192:.\Generated_Source\PSoC4/UART_UART.c ****             (void) CyIntSetVector(UART_RX_WAKE_ISR_NUMBER, &UART_UART_WAKEUP_ISR);
 193:.\Generated_Source\PSoC4/UART_UART.c ****         #endif /* (UART_UART_RX_WAKEUP_IRQ) */
 194:.\Generated_Source\PSoC4/UART_UART.c **** 
 195:.\Generated_Source\PSoC4/UART_UART.c ****             /* Configure interrupt sources */
 196:.\Generated_Source\PSoC4/UART_UART.c ****             UART_INTR_I2C_EC_MASK_REG = UART_NO_INTR_SOURCES;
 197:.\Generated_Source\PSoC4/UART_UART.c ****             UART_INTR_SPI_EC_MASK_REG = UART_NO_INTR_SOURCES;
 198:.\Generated_Source\PSoC4/UART_UART.c ****             UART_INTR_SLAVE_MASK_REG  = UART_NO_INTR_SOURCES;
 199:.\Generated_Source\PSoC4/UART_UART.c ****             UART_INTR_MASTER_MASK_REG = UART_NO_INTR_SOURCES;
 200:.\Generated_Source\PSoC4/UART_UART.c ****             UART_INTR_RX_MASK_REG     = config->rxInterruptMask;
 201:.\Generated_Source\PSoC4/UART_UART.c ****             UART_INTR_TX_MASK_REG     = config->txInterruptMask;
 202:.\Generated_Source\PSoC4/UART_UART.c **** 
 203:.\Generated_Source\PSoC4/UART_UART.c ****             /* Clear RX buffer indexes */
ARM GAS  C:\Users\Admin\AppData\Local\Temp\ccI1jm1B.s 			page 5


 204:.\Generated_Source\PSoC4/UART_UART.c ****             UART_rxBufferHead     = 0u;
 205:.\Generated_Source\PSoC4/UART_UART.c ****             UART_rxBufferTail     = 0u;
 206:.\Generated_Source\PSoC4/UART_UART.c ****             UART_rxBufferOverflow = 0u;
 207:.\Generated_Source\PSoC4/UART_UART.c **** 
 208:.\Generated_Source\PSoC4/UART_UART.c ****             /* Clear TX buffer indexes */
 209:.\Generated_Source\PSoC4/UART_UART.c ****             UART_txBufferHead = 0u;
 210:.\Generated_Source\PSoC4/UART_UART.c ****             UART_txBufferTail = 0u;
 211:.\Generated_Source\PSoC4/UART_UART.c ****         }
 212:.\Generated_Source\PSoC4/UART_UART.c ****     }
 213:.\Generated_Source\PSoC4/UART_UART.c **** 
 214:.\Generated_Source\PSoC4/UART_UART.c **** #else
 215:.\Generated_Source\PSoC4/UART_UART.c **** 
 216:.\Generated_Source\PSoC4/UART_UART.c ****     /*******************************************************************************
 217:.\Generated_Source\PSoC4/UART_UART.c ****     * Function Name: UART_UartInit
 218:.\Generated_Source\PSoC4/UART_UART.c ****     ********************************************************************************
 219:.\Generated_Source\PSoC4/UART_UART.c ****     *
 220:.\Generated_Source\PSoC4/UART_UART.c ****     * Summary:
 221:.\Generated_Source\PSoC4/UART_UART.c ****     *  Configures the SCB for the UART operation.
 222:.\Generated_Source\PSoC4/UART_UART.c ****     *
 223:.\Generated_Source\PSoC4/UART_UART.c ****     * Parameters:
 224:.\Generated_Source\PSoC4/UART_UART.c ****     *  None
 225:.\Generated_Source\PSoC4/UART_UART.c ****     *
 226:.\Generated_Source\PSoC4/UART_UART.c ****     * Return:
 227:.\Generated_Source\PSoC4/UART_UART.c ****     *  None
 228:.\Generated_Source\PSoC4/UART_UART.c ****     *
 229:.\Generated_Source\PSoC4/UART_UART.c ****     *******************************************************************************/
 230:.\Generated_Source\PSoC4/UART_UART.c ****     void UART_UartInit(void)
 231:.\Generated_Source\PSoC4/UART_UART.c ****     {
  26              		.loc 1 231 0
  27              		.cfi_startproc
  28 0000 80B5     		push	{r7, lr}
  29              		.cfi_def_cfa_offset 8
  30              		.cfi_offset 7, -8
  31              		.cfi_offset 14, -4
  32 0002 00AF     		add	r7, sp, #0
  33              		.cfi_def_cfa_register 7
 232:.\Generated_Source\PSoC4/UART_UART.c ****         /* Configure UART interface */
 233:.\Generated_Source\PSoC4/UART_UART.c ****         UART_CTRL_REG = UART_UART_DEFAULT_CTRL;
  34              		.loc 1 233 0
  35 0004 184B     		ldr	r3, .L2
  36 0006 194A     		ldr	r2, .L2+4
  37 0008 1A60     		str	r2, [r3]
 234:.\Generated_Source\PSoC4/UART_UART.c **** 
 235:.\Generated_Source\PSoC4/UART_UART.c ****         /* Configure sub-mode: UART, SmartCard or IrDA */
 236:.\Generated_Source\PSoC4/UART_UART.c ****         UART_UART_CTRL_REG = UART_UART_DEFAULT_UART_CTRL;
  38              		.loc 1 236 0
  39 000a 194B     		ldr	r3, .L2+8
  40 000c 0022     		mov	r2, #0
  41 000e 1A60     		str	r2, [r3]
 237:.\Generated_Source\PSoC4/UART_UART.c **** 
 238:.\Generated_Source\PSoC4/UART_UART.c ****         /* Configure RX direction */
 239:.\Generated_Source\PSoC4/UART_UART.c ****         UART_UART_RX_CTRL_REG = UART_UART_DEFAULT_UART_RX_CTRL;
  42              		.loc 1 239 0
  43 0010 184B     		ldr	r3, .L2+12
  44 0012 0122     		mov	r2, #1
  45 0014 1A60     		str	r2, [r3]
 240:.\Generated_Source\PSoC4/UART_UART.c ****         UART_RX_CTRL_REG      = UART_UART_DEFAULT_RX_CTRL;
ARM GAS  C:\Users\Admin\AppData\Local\Temp\ccI1jm1B.s 			page 6


  46              		.loc 1 240 0
  47 0016 184B     		ldr	r3, .L2+16
  48 0018 0722     		mov	r2, #7
  49 001a 1A60     		str	r2, [r3]
 241:.\Generated_Source\PSoC4/UART_UART.c ****         UART_RX_FIFO_CTRL_REG = UART_UART_DEFAULT_RX_FIFO_CTRL;
  50              		.loc 1 241 0
  51 001c 174B     		ldr	r3, .L2+20
  52 001e 0722     		mov	r2, #7
  53 0020 1A60     		str	r2, [r3]
 242:.\Generated_Source\PSoC4/UART_UART.c ****         UART_RX_MATCH_REG     = UART_UART_DEFAULT_RX_MATCH_REG;
  54              		.loc 1 242 0
  55 0022 174B     		ldr	r3, .L2+24
  56 0024 0022     		mov	r2, #0
  57 0026 1A60     		str	r2, [r3]
 243:.\Generated_Source\PSoC4/UART_UART.c **** 
 244:.\Generated_Source\PSoC4/UART_UART.c ****         /* Configure TX direction */
 245:.\Generated_Source\PSoC4/UART_UART.c ****         UART_UART_TX_CTRL_REG = UART_UART_DEFAULT_UART_TX_CTRL;
  58              		.loc 1 245 0
  59 0028 164B     		ldr	r3, .L2+28
  60 002a 0122     		mov	r2, #1
  61 002c 1A60     		str	r2, [r3]
 246:.\Generated_Source\PSoC4/UART_UART.c ****         UART_TX_CTRL_REG      = UART_UART_DEFAULT_TX_CTRL;
  62              		.loc 1 246 0
  63 002e 164B     		ldr	r3, .L2+32
  64 0030 164A     		ldr	r2, .L2+36
  65 0032 1A60     		str	r2, [r3]
 247:.\Generated_Source\PSoC4/UART_UART.c ****         UART_TX_FIFO_CTRL_REG = UART_UART_DEFAULT_TX_FIFO_CTRL;
  66              		.loc 1 247 0
  67 0034 164B     		ldr	r3, .L2+40
  68 0036 0022     		mov	r2, #0
  69 0038 1A60     		str	r2, [r3]
 248:.\Generated_Source\PSoC4/UART_UART.c **** 
 249:.\Generated_Source\PSoC4/UART_UART.c ****     #if !(UART_CY_SCBIP_V0 || UART_CY_SCBIP_V1)
 250:.\Generated_Source\PSoC4/UART_UART.c ****         UART_UART_FLOW_CTRL_REG = UART_UART_DEFAULT_FLOW_CTRL;
  70              		.loc 1 250 0
  71 003a 164B     		ldr	r3, .L2+44
  72 003c 0422     		mov	r2, #4
  73 003e 1A60     		str	r2, [r3]
 251:.\Generated_Source\PSoC4/UART_UART.c ****     #endif /* !(UART_CY_SCBIP_V0 || UART_CY_SCBIP_V1) */
 252:.\Generated_Source\PSoC4/UART_UART.c **** 
 253:.\Generated_Source\PSoC4/UART_UART.c ****         /* Configure interrupt with UART handler but do not enable it */
 254:.\Generated_Source\PSoC4/UART_UART.c ****     #if(UART_SCB_IRQ_INTERNAL)
 255:.\Generated_Source\PSoC4/UART_UART.c ****         CyIntDisable    (UART_ISR_NUMBER);
 256:.\Generated_Source\PSoC4/UART_UART.c ****         CyIntSetPriority(UART_ISR_NUMBER, UART_ISR_PRIORITY);
 257:.\Generated_Source\PSoC4/UART_UART.c ****         (void) CyIntSetVector(UART_ISR_NUMBER, &UART_SPI_UART_ISR);
 258:.\Generated_Source\PSoC4/UART_UART.c ****     #endif /* (UART_SCB_IRQ_INTERNAL) */
 259:.\Generated_Source\PSoC4/UART_UART.c **** 
 260:.\Generated_Source\PSoC4/UART_UART.c ****         /* Configure WAKE interrupt */
 261:.\Generated_Source\PSoC4/UART_UART.c ****     #if(UART_UART_RX_WAKEUP_IRQ)
 262:.\Generated_Source\PSoC4/UART_UART.c ****         CyIntDisable    (UART_RX_WAKE_ISR_NUMBER);
 263:.\Generated_Source\PSoC4/UART_UART.c ****         CyIntSetPriority(UART_RX_WAKE_ISR_NUMBER, UART_RX_WAKE_ISR_PRIORITY);
 264:.\Generated_Source\PSoC4/UART_UART.c ****         (void) CyIntSetVector(UART_RX_WAKE_ISR_NUMBER, &UART_UART_WAKEUP_ISR);
 265:.\Generated_Source\PSoC4/UART_UART.c ****     #endif /* (UART_UART_RX_WAKEUP_IRQ) */
 266:.\Generated_Source\PSoC4/UART_UART.c **** 
 267:.\Generated_Source\PSoC4/UART_UART.c ****         /* Configure interrupt sources */
 268:.\Generated_Source\PSoC4/UART_UART.c ****         UART_INTR_I2C_EC_MASK_REG = UART_UART_DEFAULT_INTR_I2C_EC_MASK;
  74              		.loc 1 268 0
ARM GAS  C:\Users\Admin\AppData\Local\Temp\ccI1jm1B.s 			page 7


  75 0040 154B     		ldr	r3, .L2+48
  76 0042 0022     		mov	r2, #0
  77 0044 1A60     		str	r2, [r3]
 269:.\Generated_Source\PSoC4/UART_UART.c ****         UART_INTR_SPI_EC_MASK_REG = UART_UART_DEFAULT_INTR_SPI_EC_MASK;
  78              		.loc 1 269 0
  79 0046 154B     		ldr	r3, .L2+52
  80 0048 0022     		mov	r2, #0
  81 004a 1A60     		str	r2, [r3]
 270:.\Generated_Source\PSoC4/UART_UART.c ****         UART_INTR_SLAVE_MASK_REG  = UART_UART_DEFAULT_INTR_SLAVE_MASK;
  82              		.loc 1 270 0
  83 004c 144B     		ldr	r3, .L2+56
  84 004e 0022     		mov	r2, #0
  85 0050 1A60     		str	r2, [r3]
 271:.\Generated_Source\PSoC4/UART_UART.c ****         UART_INTR_MASTER_MASK_REG = UART_UART_DEFAULT_INTR_MASTER_MASK;
  86              		.loc 1 271 0
  87 0052 144B     		ldr	r3, .L2+60
  88 0054 0022     		mov	r2, #0
  89 0056 1A60     		str	r2, [r3]
 272:.\Generated_Source\PSoC4/UART_UART.c ****         UART_INTR_RX_MASK_REG     = UART_UART_DEFAULT_INTR_RX_MASK;
  90              		.loc 1 272 0
  91 0058 134B     		ldr	r3, .L2+64
  92 005a 0022     		mov	r2, #0
  93 005c 1A60     		str	r2, [r3]
 273:.\Generated_Source\PSoC4/UART_UART.c ****         UART_INTR_TX_MASK_REG     = UART_UART_DEFAULT_INTR_TX_MASK;
  94              		.loc 1 273 0
  95 005e 134B     		ldr	r3, .L2+68
  96 0060 0022     		mov	r2, #0
  97 0062 1A60     		str	r2, [r3]
 274:.\Generated_Source\PSoC4/UART_UART.c **** 
 275:.\Generated_Source\PSoC4/UART_UART.c ****     #if(UART_INTERNAL_RX_SW_BUFFER_CONST)
 276:.\Generated_Source\PSoC4/UART_UART.c ****         UART_rxBufferHead     = 0u;
 277:.\Generated_Source\PSoC4/UART_UART.c ****         UART_rxBufferTail     = 0u;
 278:.\Generated_Source\PSoC4/UART_UART.c ****         UART_rxBufferOverflow = 0u;
 279:.\Generated_Source\PSoC4/UART_UART.c ****     #endif /* (UART_INTERNAL_RX_SW_BUFFER_CONST) */
 280:.\Generated_Source\PSoC4/UART_UART.c **** 
 281:.\Generated_Source\PSoC4/UART_UART.c ****     #if(UART_INTERNAL_TX_SW_BUFFER_CONST)
 282:.\Generated_Source\PSoC4/UART_UART.c ****         UART_txBufferHead = 0u;
 283:.\Generated_Source\PSoC4/UART_UART.c ****         UART_txBufferTail = 0u;
 284:.\Generated_Source\PSoC4/UART_UART.c ****     #endif /* (UART_INTERNAL_TX_SW_BUFFER_CONST) */
 285:.\Generated_Source\PSoC4/UART_UART.c ****     }
  98              		.loc 1 285 0
  99 0064 BD46     		mov	sp, r7
 100              		@ sp needed
 101 0066 80BD     		pop	{r7, pc}
 102              	.L3:
 103              		.align	2
 104              	.L2:
 105 0068 00002440 		.word	1076101120
 106 006c 0F000002 		.word	33554447
 107 0070 40002440 		.word	1076101184
 108 0074 48002440 		.word	1076101192
 109 0078 00032440 		.word	1076101888
 110 007c 04032440 		.word	1076101892
 111 0080 10032440 		.word	1076101904
 112 0084 44002440 		.word	1076101188
 113 0088 00022440 		.word	1076101632
 114 008c 07000080 		.word	-2147483641
ARM GAS  C:\Users\Admin\AppData\Local\Temp\ccI1jm1B.s 			page 8


 115 0090 04022440 		.word	1076101636
 116 0094 50002440 		.word	1076101200
 117 0098 880E2440 		.word	1076104840
 118 009c C80E2440 		.word	1076104904
 119 00a0 480F2440 		.word	1076105032
 120 00a4 080F2440 		.word	1076104968
 121 00a8 C80F2440 		.word	1076105160
 122 00ac 880F2440 		.word	1076105096
 123              		.cfi_endproc
 124              	.LFE2:
 125              		.size	UART_UartInit, .-UART_UartInit
 126              		.section	.text.UART_UartSetRxAddress,"ax",%progbits
 127              		.align	2
 128              		.global	UART_UartSetRxAddress
 129              		.code	16
 130              		.thumb_func
 131              		.type	UART_UartSetRxAddress, %function
 132              	UART_UartSetRxAddress:
 133              	.LFB3:
 286:.\Generated_Source\PSoC4/UART_UART.c **** #endif /* (UART_SCB_MODE_UNCONFIG_CONST_CFG) */
 287:.\Generated_Source\PSoC4/UART_UART.c **** 
 288:.\Generated_Source\PSoC4/UART_UART.c **** 
 289:.\Generated_Source\PSoC4/UART_UART.c **** /*******************************************************************************
 290:.\Generated_Source\PSoC4/UART_UART.c **** * Function Name: UART_UartSetRxAddress
 291:.\Generated_Source\PSoC4/UART_UART.c **** ********************************************************************************
 292:.\Generated_Source\PSoC4/UART_UART.c **** *
 293:.\Generated_Source\PSoC4/UART_UART.c **** * Summary:
 294:.\Generated_Source\PSoC4/UART_UART.c **** *  Sets the hardware detectable receiver address for the UART in the
 295:.\Generated_Source\PSoC4/UART_UART.c **** *  Multiprocessor mode.
 296:.\Generated_Source\PSoC4/UART_UART.c **** *
 297:.\Generated_Source\PSoC4/UART_UART.c **** * Parameters:
 298:.\Generated_Source\PSoC4/UART_UART.c **** *  address: Address for hardware address detection.
 299:.\Generated_Source\PSoC4/UART_UART.c **** *
 300:.\Generated_Source\PSoC4/UART_UART.c **** * Return:
 301:.\Generated_Source\PSoC4/UART_UART.c **** *  None
 302:.\Generated_Source\PSoC4/UART_UART.c **** *
 303:.\Generated_Source\PSoC4/UART_UART.c **** *******************************************************************************/
 304:.\Generated_Source\PSoC4/UART_UART.c **** void UART_UartSetRxAddress(uint32 address)
 305:.\Generated_Source\PSoC4/UART_UART.c **** {
 134              		.loc 1 305 0
 135              		.cfi_startproc
 136 0000 80B5     		push	{r7, lr}
 137              		.cfi_def_cfa_offset 8
 138              		.cfi_offset 7, -8
 139              		.cfi_offset 14, -4
 140 0002 84B0     		sub	sp, sp, #16
 141              		.cfi_def_cfa_offset 24
 142 0004 00AF     		add	r7, sp, #0
 143              		.cfi_def_cfa_register 7
 144 0006 7860     		str	r0, [r7, #4]
 306:.\Generated_Source\PSoC4/UART_UART.c ****      uint32 matchReg;
 307:.\Generated_Source\PSoC4/UART_UART.c **** 
 308:.\Generated_Source\PSoC4/UART_UART.c ****     matchReg = UART_RX_MATCH_REG;
 145              		.loc 1 308 0
 146 0008 094B     		ldr	r3, .L5
 147 000a 1B68     		ldr	r3, [r3]
 148 000c FB60     		str	r3, [r7, #12]
ARM GAS  C:\Users\Admin\AppData\Local\Temp\ccI1jm1B.s 			page 9


 309:.\Generated_Source\PSoC4/UART_UART.c **** 
 310:.\Generated_Source\PSoC4/UART_UART.c ****     matchReg &= ((uint32) ~UART_RX_MATCH_ADDR_MASK); /* Clear address bits */
 149              		.loc 1 310 0
 150 000e FB68     		ldr	r3, [r7, #12]
 151 0010 FF22     		mov	r2, #255
 152 0012 9343     		bic	r3, r2
 153 0014 FB60     		str	r3, [r7, #12]
 311:.\Generated_Source\PSoC4/UART_UART.c ****     matchReg |= ((uint32)  (address & UART_RX_MATCH_ADDR_MASK)); /* Set address  */
 154              		.loc 1 311 0
 155 0016 7A68     		ldr	r2, [r7, #4]
 156 0018 FF23     		mov	r3, #255
 157 001a 1340     		and	r3, r2
 158 001c FA68     		ldr	r2, [r7, #12]
 159 001e 1343     		orr	r3, r2
 160 0020 FB60     		str	r3, [r7, #12]
 312:.\Generated_Source\PSoC4/UART_UART.c **** 
 313:.\Generated_Source\PSoC4/UART_UART.c ****     UART_RX_MATCH_REG = matchReg;
 161              		.loc 1 313 0
 162 0022 034B     		ldr	r3, .L5
 163 0024 FA68     		ldr	r2, [r7, #12]
 164 0026 1A60     		str	r2, [r3]
 314:.\Generated_Source\PSoC4/UART_UART.c **** }
 165              		.loc 1 314 0
 166 0028 BD46     		mov	sp, r7
 167 002a 04B0     		add	sp, sp, #16
 168              		@ sp needed
 169 002c 80BD     		pop	{r7, pc}
 170              	.L6:
 171 002e C046     		.align	2
 172              	.L5:
 173 0030 10032440 		.word	1076101904
 174              		.cfi_endproc
 175              	.LFE3:
 176              		.size	UART_UartSetRxAddress, .-UART_UartSetRxAddress
 177              		.section	.text.UART_UartSetRxAddressMask,"ax",%progbits
 178              		.align	2
 179              		.global	UART_UartSetRxAddressMask
 180              		.code	16
 181              		.thumb_func
 182              		.type	UART_UartSetRxAddressMask, %function
 183              	UART_UartSetRxAddressMask:
 184              	.LFB4:
 315:.\Generated_Source\PSoC4/UART_UART.c **** 
 316:.\Generated_Source\PSoC4/UART_UART.c **** 
 317:.\Generated_Source\PSoC4/UART_UART.c **** /*******************************************************************************
 318:.\Generated_Source\PSoC4/UART_UART.c **** * Function Name: UART_UartSetRxAddressMask
 319:.\Generated_Source\PSoC4/UART_UART.c **** ********************************************************************************
 320:.\Generated_Source\PSoC4/UART_UART.c **** *
 321:.\Generated_Source\PSoC4/UART_UART.c **** * Summary:
 322:.\Generated_Source\PSoC4/UART_UART.c **** *  Sets the hardware address mask for the UART in the Multiprocessor mode.
 323:.\Generated_Source\PSoC4/UART_UART.c **** *
 324:.\Generated_Source\PSoC4/UART_UART.c **** * Parameters:
 325:.\Generated_Source\PSoC4/UART_UART.c **** *  addressMask: Address mask.
 326:.\Generated_Source\PSoC4/UART_UART.c **** *   0 - address bit does not care while comparison.
 327:.\Generated_Source\PSoC4/UART_UART.c **** *   1 - address bit is significant while comparison.
 328:.\Generated_Source\PSoC4/UART_UART.c **** *
 329:.\Generated_Source\PSoC4/UART_UART.c **** * Return:
ARM GAS  C:\Users\Admin\AppData\Local\Temp\ccI1jm1B.s 			page 10


 330:.\Generated_Source\PSoC4/UART_UART.c **** *  None
 331:.\Generated_Source\PSoC4/UART_UART.c **** *
 332:.\Generated_Source\PSoC4/UART_UART.c **** *******************************************************************************/
 333:.\Generated_Source\PSoC4/UART_UART.c **** void UART_UartSetRxAddressMask(uint32 addressMask)
 334:.\Generated_Source\PSoC4/UART_UART.c **** {
 185              		.loc 1 334 0
 186              		.cfi_startproc
 187 0000 80B5     		push	{r7, lr}
 188              		.cfi_def_cfa_offset 8
 189              		.cfi_offset 7, -8
 190              		.cfi_offset 14, -4
 191 0002 84B0     		sub	sp, sp, #16
 192              		.cfi_def_cfa_offset 24
 193 0004 00AF     		add	r7, sp, #0
 194              		.cfi_def_cfa_register 7
 195 0006 7860     		str	r0, [r7, #4]
 335:.\Generated_Source\PSoC4/UART_UART.c ****     uint32 matchReg;
 336:.\Generated_Source\PSoC4/UART_UART.c **** 
 337:.\Generated_Source\PSoC4/UART_UART.c ****     matchReg = UART_RX_MATCH_REG;
 196              		.loc 1 337 0
 197 0008 084B     		ldr	r3, .L8
 198 000a 1B68     		ldr	r3, [r3]
 199 000c FB60     		str	r3, [r7, #12]
 338:.\Generated_Source\PSoC4/UART_UART.c **** 
 339:.\Generated_Source\PSoC4/UART_UART.c ****     matchReg &= ((uint32) ~UART_RX_MATCH_MASK_MASK); /* Clear address mask bits */
 200              		.loc 1 339 0
 201 000e FA68     		ldr	r2, [r7, #12]
 202 0010 074B     		ldr	r3, .L8+4
 203 0012 1340     		and	r3, r2
 204 0014 FB60     		str	r3, [r7, #12]
 340:.\Generated_Source\PSoC4/UART_UART.c ****     matchReg |= ((uint32) (addressMask << UART_RX_MATCH_MASK_POS));
 205              		.loc 1 340 0
 206 0016 7B68     		ldr	r3, [r7, #4]
 207 0018 1B04     		lsl	r3, r3, #16
 208 001a FA68     		ldr	r2, [r7, #12]
 209 001c 1343     		orr	r3, r2
 210 001e FB60     		str	r3, [r7, #12]
 341:.\Generated_Source\PSoC4/UART_UART.c **** 
 342:.\Generated_Source\PSoC4/UART_UART.c ****     UART_RX_MATCH_REG = matchReg;
 211              		.loc 1 342 0
 212 0020 024B     		ldr	r3, .L8
 213 0022 FA68     		ldr	r2, [r7, #12]
 214 0024 1A60     		str	r2, [r3]
 343:.\Generated_Source\PSoC4/UART_UART.c **** }
 215              		.loc 1 343 0
 216 0026 BD46     		mov	sp, r7
 217 0028 04B0     		add	sp, sp, #16
 218              		@ sp needed
 219 002a 80BD     		pop	{r7, pc}
 220              	.L9:
 221              		.align	2
 222              	.L8:
 223 002c 10032440 		.word	1076101904
 224 0030 FFFF00FF 		.word	-16711681
 225              		.cfi_endproc
 226              	.LFE4:
 227              		.size	UART_UartSetRxAddressMask, .-UART_UartSetRxAddressMask
ARM GAS  C:\Users\Admin\AppData\Local\Temp\ccI1jm1B.s 			page 11


 228              		.section	.text.UART_UartPutString,"ax",%progbits
 229              		.align	2
 230              		.global	UART_UartPutString
 231              		.code	16
 232              		.thumb_func
 233              		.type	UART_UartPutString, %function
 234              	UART_UartPutString:
 235              	.LFB5:
 344:.\Generated_Source\PSoC4/UART_UART.c **** 
 345:.\Generated_Source\PSoC4/UART_UART.c **** 
 346:.\Generated_Source\PSoC4/UART_UART.c **** #if(UART_UART_RX_DIRECTION)
 347:.\Generated_Source\PSoC4/UART_UART.c ****     /*******************************************************************************
 348:.\Generated_Source\PSoC4/UART_UART.c ****     * Function Name: UART_UartGetChar
 349:.\Generated_Source\PSoC4/UART_UART.c ****     ********************************************************************************
 350:.\Generated_Source\PSoC4/UART_UART.c ****     *
 351:.\Generated_Source\PSoC4/UART_UART.c ****     * Summary:
 352:.\Generated_Source\PSoC4/UART_UART.c ****     *  Retrieves the next data element from the receive buffer.
 353:.\Generated_Source\PSoC4/UART_UART.c ****     *  This function is designed for ASCII characters and returns a char
 354:.\Generated_Source\PSoC4/UART_UART.c ****     *  where 1 to 255 are valid characters and 0 indicates an error occurred or
 355:.\Generated_Source\PSoC4/UART_UART.c ****     *  no data present.
 356:.\Generated_Source\PSoC4/UART_UART.c ****     *  - The RX software buffer is disabled: returns the data element
 357:.\Generated_Source\PSoC4/UART_UART.c ****     *    retrieved from the RX FIFO.
 358:.\Generated_Source\PSoC4/UART_UART.c ****     *    Undefined data will be returned if the RX FIFO is empty.
 359:.\Generated_Source\PSoC4/UART_UART.c ****     *  - The RX software buffer is enabled: returns the data element from
 360:.\Generated_Source\PSoC4/UART_UART.c ****     *    the software receive buffer.
 361:.\Generated_Source\PSoC4/UART_UART.c ****     *
 362:.\Generated_Source\PSoC4/UART_UART.c ****     * Parameters:
 363:.\Generated_Source\PSoC4/UART_UART.c ****     *  None
 364:.\Generated_Source\PSoC4/UART_UART.c ****     *
 365:.\Generated_Source\PSoC4/UART_UART.c ****     * Return:
 366:.\Generated_Source\PSoC4/UART_UART.c ****     *  The next data element from the receive buffer.
 367:.\Generated_Source\PSoC4/UART_UART.c ****     *  ASCII character values from 1 to 255 are valid.
 368:.\Generated_Source\PSoC4/UART_UART.c ****     *  A returned zero signifies an error condition or no data available.
 369:.\Generated_Source\PSoC4/UART_UART.c ****     *
 370:.\Generated_Source\PSoC4/UART_UART.c ****     * Side Effects:
 371:.\Generated_Source\PSoC4/UART_UART.c ****     *  The errors bits may not correspond with reading characters due to RX FIFO
 372:.\Generated_Source\PSoC4/UART_UART.c ****     *  and software buffer usage.
 373:.\Generated_Source\PSoC4/UART_UART.c ****     *  RX software buffer is enabled: The internal software buffer overflow
 374:.\Generated_Source\PSoC4/UART_UART.c ****     *  does not treat as an error condition.
 375:.\Generated_Source\PSoC4/UART_UART.c ****     *  Check SCB_rxBufferOverflow to capture that error condition.
 376:.\Generated_Source\PSoC4/UART_UART.c ****     *
 377:.\Generated_Source\PSoC4/UART_UART.c ****     *******************************************************************************/
 378:.\Generated_Source\PSoC4/UART_UART.c ****     uint32 UART_UartGetChar(void)
 379:.\Generated_Source\PSoC4/UART_UART.c ****     {
 380:.\Generated_Source\PSoC4/UART_UART.c ****         uint32 rxData = 0u;
 381:.\Generated_Source\PSoC4/UART_UART.c **** 
 382:.\Generated_Source\PSoC4/UART_UART.c ****         /* Reads data only if there is data to read */
 383:.\Generated_Source\PSoC4/UART_UART.c ****         if(0u != UART_SpiUartGetRxBufferSize())
 384:.\Generated_Source\PSoC4/UART_UART.c ****         {
 385:.\Generated_Source\PSoC4/UART_UART.c ****             rxData = UART_SpiUartReadRxData();
 386:.\Generated_Source\PSoC4/UART_UART.c ****         }
 387:.\Generated_Source\PSoC4/UART_UART.c **** 
 388:.\Generated_Source\PSoC4/UART_UART.c ****         if(UART_CHECK_INTR_RX(UART_INTR_RX_ERR))
 389:.\Generated_Source\PSoC4/UART_UART.c ****         {
 390:.\Generated_Source\PSoC4/UART_UART.c ****             rxData = 0u; /* Error occurred: returns zero */
 391:.\Generated_Source\PSoC4/UART_UART.c ****             UART_ClearRxInterruptSource(UART_INTR_RX_ERR);
 392:.\Generated_Source\PSoC4/UART_UART.c ****         }
ARM GAS  C:\Users\Admin\AppData\Local\Temp\ccI1jm1B.s 			page 12


 393:.\Generated_Source\PSoC4/UART_UART.c **** 
 394:.\Generated_Source\PSoC4/UART_UART.c ****         return(rxData);
 395:.\Generated_Source\PSoC4/UART_UART.c ****     }
 396:.\Generated_Source\PSoC4/UART_UART.c **** 
 397:.\Generated_Source\PSoC4/UART_UART.c **** 
 398:.\Generated_Source\PSoC4/UART_UART.c ****     /*******************************************************************************
 399:.\Generated_Source\PSoC4/UART_UART.c ****     * Function Name: UART_UartGetByte
 400:.\Generated_Source\PSoC4/UART_UART.c ****     ********************************************************************************
 401:.\Generated_Source\PSoC4/UART_UART.c ****     *
 402:.\Generated_Source\PSoC4/UART_UART.c ****     * Summary:
 403:.\Generated_Source\PSoC4/UART_UART.c ****     *  Retrieves the next data element from the receive buffer, returns the
 404:.\Generated_Source\PSoC4/UART_UART.c ****     *  received byte and error condition.
 405:.\Generated_Source\PSoC4/UART_UART.c ****     *   - The RX software buffer is disabled: returns the data element retrieved
 406:.\Generated_Source\PSoC4/UART_UART.c ****     *     from the RX FIFO. Undefined data will be returned if the RX FIFO is
 407:.\Generated_Source\PSoC4/UART_UART.c ****     *     empty.
 408:.\Generated_Source\PSoC4/UART_UART.c ****     *   - The RX software buffer is enabled: returns data element from the
 409:.\Generated_Source\PSoC4/UART_UART.c ****     *     software receive buffer.
 410:.\Generated_Source\PSoC4/UART_UART.c ****     *
 411:.\Generated_Source\PSoC4/UART_UART.c ****     * Parameters:
 412:.\Generated_Source\PSoC4/UART_UART.c ****     *  None
 413:.\Generated_Source\PSoC4/UART_UART.c ****     *
 414:.\Generated_Source\PSoC4/UART_UART.c ****     * Return:
 415:.\Generated_Source\PSoC4/UART_UART.c ****     *  Bits 7-0 contain the next data element from the receive buffer and
 416:.\Generated_Source\PSoC4/UART_UART.c ****     *  other bits contain the error condition.
 417:.\Generated_Source\PSoC4/UART_UART.c ****     *
 418:.\Generated_Source\PSoC4/UART_UART.c ****     * Side Effects:
 419:.\Generated_Source\PSoC4/UART_UART.c ****     *  The errors bits may not correspond with reading characters due to RX FIFO
 420:.\Generated_Source\PSoC4/UART_UART.c ****     *  and software buffer usage.
 421:.\Generated_Source\PSoC4/UART_UART.c ****     *  RX software buffer is disabled: The internal software buffer overflow
 422:.\Generated_Source\PSoC4/UART_UART.c ****     *  is not returned as status by this function.
 423:.\Generated_Source\PSoC4/UART_UART.c ****     *  Check SCB_rxBufferOverflow to capture that error condition.
 424:.\Generated_Source\PSoC4/UART_UART.c ****     *
 425:.\Generated_Source\PSoC4/UART_UART.c ****     *******************************************************************************/
 426:.\Generated_Source\PSoC4/UART_UART.c ****     uint32 UART_UartGetByte(void)
 427:.\Generated_Source\PSoC4/UART_UART.c ****     {
 428:.\Generated_Source\PSoC4/UART_UART.c ****         uint32 rxData;
 429:.\Generated_Source\PSoC4/UART_UART.c ****         uint32 tmpStatus;
 430:.\Generated_Source\PSoC4/UART_UART.c ****         uint32 intSourceMask;
 431:.\Generated_Source\PSoC4/UART_UART.c **** 
 432:.\Generated_Source\PSoC4/UART_UART.c ****         intSourceMask = UART_SpiUartDisableIntRx();
 433:.\Generated_Source\PSoC4/UART_UART.c **** 
 434:.\Generated_Source\PSoC4/UART_UART.c ****         if(0u != UART_SpiUartGetRxBufferSize())
 435:.\Generated_Source\PSoC4/UART_UART.c ****         {
 436:.\Generated_Source\PSoC4/UART_UART.c ****             /* Enables interrupt to receive more bytes: at least one byte is in
 437:.\Generated_Source\PSoC4/UART_UART.c ****             * buffer.
 438:.\Generated_Source\PSoC4/UART_UART.c ****             */
 439:.\Generated_Source\PSoC4/UART_UART.c ****             UART_SpiUartEnableIntRx(intSourceMask);
 440:.\Generated_Source\PSoC4/UART_UART.c **** 
 441:.\Generated_Source\PSoC4/UART_UART.c ****             /* Get received byte */
 442:.\Generated_Source\PSoC4/UART_UART.c ****             rxData = UART_SpiUartReadRxData();
 443:.\Generated_Source\PSoC4/UART_UART.c ****         }
 444:.\Generated_Source\PSoC4/UART_UART.c ****         else
 445:.\Generated_Source\PSoC4/UART_UART.c ****         {
 446:.\Generated_Source\PSoC4/UART_UART.c ****             /* Reads a byte directly from RX FIFO: underflow is raised in the case
 447:.\Generated_Source\PSoC4/UART_UART.c ****             * of empty. Otherwise the first received byte will be read.
 448:.\Generated_Source\PSoC4/UART_UART.c ****             */
 449:.\Generated_Source\PSoC4/UART_UART.c ****             rxData = UART_RX_FIFO_RD_REG;
ARM GAS  C:\Users\Admin\AppData\Local\Temp\ccI1jm1B.s 			page 13


 450:.\Generated_Source\PSoC4/UART_UART.c **** 
 451:.\Generated_Source\PSoC4/UART_UART.c ****             /* Enables interrupt to receive more bytes.
 452:.\Generated_Source\PSoC4/UART_UART.c ****             * The RX_NOT_EMPTY interrupt is cleared by the interrupt routine
 453:.\Generated_Source\PSoC4/UART_UART.c ****             * in case the byte was received and read by code above.
 454:.\Generated_Source\PSoC4/UART_UART.c ****             */
 455:.\Generated_Source\PSoC4/UART_UART.c ****             UART_SpiUartEnableIntRx(intSourceMask);
 456:.\Generated_Source\PSoC4/UART_UART.c ****         }
 457:.\Generated_Source\PSoC4/UART_UART.c **** 
 458:.\Generated_Source\PSoC4/UART_UART.c ****         /* Get and clear RX error mask */
 459:.\Generated_Source\PSoC4/UART_UART.c ****         tmpStatus = (UART_GetRxInterruptSource() & UART_INTR_RX_ERR);
 460:.\Generated_Source\PSoC4/UART_UART.c ****         UART_ClearRxInterruptSource(UART_INTR_RX_ERR);
 461:.\Generated_Source\PSoC4/UART_UART.c **** 
 462:.\Generated_Source\PSoC4/UART_UART.c ****         /* Puts together data and error status:
 463:.\Generated_Source\PSoC4/UART_UART.c ****         * MP mode and accept address: 9th bit is set to notify mark.
 464:.\Generated_Source\PSoC4/UART_UART.c ****         */
 465:.\Generated_Source\PSoC4/UART_UART.c ****         rxData |= ((uint32) (tmpStatus << 8u));
 466:.\Generated_Source\PSoC4/UART_UART.c **** 
 467:.\Generated_Source\PSoC4/UART_UART.c ****         return(rxData);
 468:.\Generated_Source\PSoC4/UART_UART.c ****     }
 469:.\Generated_Source\PSoC4/UART_UART.c **** 
 470:.\Generated_Source\PSoC4/UART_UART.c **** 
 471:.\Generated_Source\PSoC4/UART_UART.c ****     #if !(UART_CY_SCBIP_V0 || UART_CY_SCBIP_V1)
 472:.\Generated_Source\PSoC4/UART_UART.c ****         /*******************************************************************************
 473:.\Generated_Source\PSoC4/UART_UART.c ****         * Function Name: UART_UartSetRtsPolarity
 474:.\Generated_Source\PSoC4/UART_UART.c ****         ********************************************************************************
 475:.\Generated_Source\PSoC4/UART_UART.c ****         *
 476:.\Generated_Source\PSoC4/UART_UART.c ****         * Summary:
 477:.\Generated_Source\PSoC4/UART_UART.c ****         *  Sets active polarity of RTS output signal.
 478:.\Generated_Source\PSoC4/UART_UART.c ****         *
 479:.\Generated_Source\PSoC4/UART_UART.c ****         * Parameters:
 480:.\Generated_Source\PSoC4/UART_UART.c ****         *  polarity: Active polarity of RTS output signal.
 481:.\Generated_Source\PSoC4/UART_UART.c ****         *   UART_UART_RTS_ACTIVE_LOW  - RTS signal is active low.
 482:.\Generated_Source\PSoC4/UART_UART.c ****         *   UART_UART_RTS_ACTIVE_HIGH - RTS signal is active high.
 483:.\Generated_Source\PSoC4/UART_UART.c ****         *
 484:.\Generated_Source\PSoC4/UART_UART.c ****         * Return:
 485:.\Generated_Source\PSoC4/UART_UART.c ****         *  None
 486:.\Generated_Source\PSoC4/UART_UART.c ****         *
 487:.\Generated_Source\PSoC4/UART_UART.c ****         *******************************************************************************/
 488:.\Generated_Source\PSoC4/UART_UART.c ****         void UART_UartSetRtsPolarity(uint32 polarity)
 489:.\Generated_Source\PSoC4/UART_UART.c ****         {
 490:.\Generated_Source\PSoC4/UART_UART.c ****             if(0u != polarity)
 491:.\Generated_Source\PSoC4/UART_UART.c ****             {
 492:.\Generated_Source\PSoC4/UART_UART.c ****                 UART_UART_FLOW_CTRL_REG |= (uint32)  UART_UART_FLOW_CTRL_RTS_POLARITY;
 493:.\Generated_Source\PSoC4/UART_UART.c ****             }
 494:.\Generated_Source\PSoC4/UART_UART.c ****             else
 495:.\Generated_Source\PSoC4/UART_UART.c ****             {
 496:.\Generated_Source\PSoC4/UART_UART.c ****                 UART_UART_FLOW_CTRL_REG &= (uint32) ~UART_UART_FLOW_CTRL_RTS_POLARITY;
 497:.\Generated_Source\PSoC4/UART_UART.c ****             }
 498:.\Generated_Source\PSoC4/UART_UART.c ****         }
 499:.\Generated_Source\PSoC4/UART_UART.c **** 
 500:.\Generated_Source\PSoC4/UART_UART.c **** 
 501:.\Generated_Source\PSoC4/UART_UART.c ****         /*******************************************************************************
 502:.\Generated_Source\PSoC4/UART_UART.c ****         * Function Name: UART_UartSetRtsFifoLevel
 503:.\Generated_Source\PSoC4/UART_UART.c ****         ********************************************************************************
 504:.\Generated_Source\PSoC4/UART_UART.c ****         *
 505:.\Generated_Source\PSoC4/UART_UART.c ****         * Summary:
 506:.\Generated_Source\PSoC4/UART_UART.c ****         *  Sets level in the RX FIFO for RTS signal activation.
ARM GAS  C:\Users\Admin\AppData\Local\Temp\ccI1jm1B.s 			page 14


 507:.\Generated_Source\PSoC4/UART_UART.c ****         *  While the RX FIFO has fewer entries than the RX FIFO level the RTS signal
 508:.\Generated_Source\PSoC4/UART_UART.c ****         *  remains active, otherwise the RTS signal becomes inactive.
 509:.\Generated_Source\PSoC4/UART_UART.c ****         *
 510:.\Generated_Source\PSoC4/UART_UART.c ****         * Parameters:
 511:.\Generated_Source\PSoC4/UART_UART.c ****         *  level: Level in the RX FIFO for RTS signal activation.
 512:.\Generated_Source\PSoC4/UART_UART.c ****         *         The range of valid level values is between 0 and RX FIFO depth - 1.
 513:.\Generated_Source\PSoC4/UART_UART.c ****         *         Setting level value to 0 disables RTS signal activation.
 514:.\Generated_Source\PSoC4/UART_UART.c ****         *
 515:.\Generated_Source\PSoC4/UART_UART.c ****         * Return:
 516:.\Generated_Source\PSoC4/UART_UART.c ****         *  None
 517:.\Generated_Source\PSoC4/UART_UART.c ****         *
 518:.\Generated_Source\PSoC4/UART_UART.c ****         *******************************************************************************/
 519:.\Generated_Source\PSoC4/UART_UART.c ****         void UART_UartSetRtsFifoLevel(uint32 level)
 520:.\Generated_Source\PSoC4/UART_UART.c ****         {
 521:.\Generated_Source\PSoC4/UART_UART.c ****             uint32 uartFlowCtrl;
 522:.\Generated_Source\PSoC4/UART_UART.c **** 
 523:.\Generated_Source\PSoC4/UART_UART.c ****             uartFlowCtrl = UART_UART_FLOW_CTRL_REG;
 524:.\Generated_Source\PSoC4/UART_UART.c **** 
 525:.\Generated_Source\PSoC4/UART_UART.c ****             uartFlowCtrl &= ((uint32) ~UART_UART_FLOW_CTRL_TRIGGER_LEVEL_MASK); /* Clear level mask
 526:.\Generated_Source\PSoC4/UART_UART.c ****             uartFlowCtrl |= ((uint32) (UART_UART_FLOW_CTRL_TRIGGER_LEVEL_MASK & level));
 527:.\Generated_Source\PSoC4/UART_UART.c **** 
 528:.\Generated_Source\PSoC4/UART_UART.c ****             UART_UART_FLOW_CTRL_REG = uartFlowCtrl;
 529:.\Generated_Source\PSoC4/UART_UART.c ****         }
 530:.\Generated_Source\PSoC4/UART_UART.c ****     #endif /* !(UART_CY_SCBIP_V0 || UART_CY_SCBIP_V1) */
 531:.\Generated_Source\PSoC4/UART_UART.c **** 
 532:.\Generated_Source\PSoC4/UART_UART.c **** #endif /* (UART_UART_RX_DIRECTION) */
 533:.\Generated_Source\PSoC4/UART_UART.c **** 
 534:.\Generated_Source\PSoC4/UART_UART.c **** 
 535:.\Generated_Source\PSoC4/UART_UART.c **** #if(UART_UART_TX_DIRECTION)
 536:.\Generated_Source\PSoC4/UART_UART.c ****     /*******************************************************************************
 537:.\Generated_Source\PSoC4/UART_UART.c ****     * Function Name: UART_UartPutString
 538:.\Generated_Source\PSoC4/UART_UART.c ****     ********************************************************************************
 539:.\Generated_Source\PSoC4/UART_UART.c ****     *
 540:.\Generated_Source\PSoC4/UART_UART.c ****     * Summary:
 541:.\Generated_Source\PSoC4/UART_UART.c ****     *  Places a NULL terminated string in the transmit buffer to be sent at the
 542:.\Generated_Source\PSoC4/UART_UART.c ****     *  next available bus time.
 543:.\Generated_Source\PSoC4/UART_UART.c ****     *  This function is blocking and waits until there is space available to put
 544:.\Generated_Source\PSoC4/UART_UART.c ****     *  all the requested data into the  transmit buffer.
 545:.\Generated_Source\PSoC4/UART_UART.c ****     *
 546:.\Generated_Source\PSoC4/UART_UART.c ****     * Parameters:
 547:.\Generated_Source\PSoC4/UART_UART.c ****     *  string: pointer to the null terminated string array to be placed in the
 548:.\Generated_Source\PSoC4/UART_UART.c ****     *          transmit buffer.
 549:.\Generated_Source\PSoC4/UART_UART.c ****     *
 550:.\Generated_Source\PSoC4/UART_UART.c ****     * Return:
 551:.\Generated_Source\PSoC4/UART_UART.c ****     *  None
 552:.\Generated_Source\PSoC4/UART_UART.c ****     *
 553:.\Generated_Source\PSoC4/UART_UART.c ****     *******************************************************************************/
 554:.\Generated_Source\PSoC4/UART_UART.c ****     void UART_UartPutString(const char8 string[])
 555:.\Generated_Source\PSoC4/UART_UART.c ****     {
 236              		.loc 1 555 0
 237              		.cfi_startproc
 238 0000 80B5     		push	{r7, lr}
 239              		.cfi_def_cfa_offset 8
 240              		.cfi_offset 7, -8
 241              		.cfi_offset 14, -4
 242 0002 84B0     		sub	sp, sp, #16
 243              		.cfi_def_cfa_offset 24
ARM GAS  C:\Users\Admin\AppData\Local\Temp\ccI1jm1B.s 			page 15


 244 0004 00AF     		add	r7, sp, #0
 245              		.cfi_def_cfa_register 7
 246 0006 7860     		str	r0, [r7, #4]
 556:.\Generated_Source\PSoC4/UART_UART.c ****         uint32 bufIndex;
 557:.\Generated_Source\PSoC4/UART_UART.c **** 
 558:.\Generated_Source\PSoC4/UART_UART.c ****         bufIndex = 0u;
 247              		.loc 1 558 0
 248 0008 0023     		mov	r3, #0
 249 000a FB60     		str	r3, [r7, #12]
 559:.\Generated_Source\PSoC4/UART_UART.c **** 
 560:.\Generated_Source\PSoC4/UART_UART.c ****         /* Blocks the control flow until all data has been sent */
 561:.\Generated_Source\PSoC4/UART_UART.c ****         while(string[bufIndex] != ((char8) 0))
 250              		.loc 1 561 0
 251 000c 09E0     		b	.L11
 252              	.L12:
 562:.\Generated_Source\PSoC4/UART_UART.c ****         {
 563:.\Generated_Source\PSoC4/UART_UART.c ****             UART_UartPutChar((uint32) string[bufIndex]);
 253              		.loc 1 563 0
 254 000e 7A68     		ldr	r2, [r7, #4]
 255 0010 FB68     		ldr	r3, [r7, #12]
 256 0012 D318     		add	r3, r2, r3
 257 0014 1B78     		ldrb	r3, [r3]
 258 0016 181C     		mov	r0, r3
 259 0018 FFF7FEFF 		bl	UART_SpiUartWriteTxData
 564:.\Generated_Source\PSoC4/UART_UART.c ****             bufIndex++;
 260              		.loc 1 564 0
 261 001c FB68     		ldr	r3, [r7, #12]
 262 001e 0133     		add	r3, r3, #1
 263 0020 FB60     		str	r3, [r7, #12]
 264              	.L11:
 561:.\Generated_Source\PSoC4/UART_UART.c ****         while(string[bufIndex] != ((char8) 0))
 265              		.loc 1 561 0 discriminator 1
 266 0022 7A68     		ldr	r2, [r7, #4]
 267 0024 FB68     		ldr	r3, [r7, #12]
 268 0026 D318     		add	r3, r2, r3
 269 0028 1B78     		ldrb	r3, [r3]
 270 002a 002B     		cmp	r3, #0
 271 002c EFD1     		bne	.L12
 565:.\Generated_Source\PSoC4/UART_UART.c ****         }
 566:.\Generated_Source\PSoC4/UART_UART.c ****     }
 272              		.loc 1 566 0
 273 002e BD46     		mov	sp, r7
 274 0030 04B0     		add	sp, sp, #16
 275              		@ sp needed
 276 0032 80BD     		pop	{r7, pc}
 277              		.cfi_endproc
 278              	.LFE5:
 279              		.size	UART_UartPutString, .-UART_UartPutString
 280              		.section	.text.UART_UartPutCRLF,"ax",%progbits
 281              		.align	2
 282              		.global	UART_UartPutCRLF
 283              		.code	16
 284              		.thumb_func
 285              		.type	UART_UartPutCRLF, %function
 286              	UART_UartPutCRLF:
 287              	.LFB6:
 567:.\Generated_Source\PSoC4/UART_UART.c **** 
ARM GAS  C:\Users\Admin\AppData\Local\Temp\ccI1jm1B.s 			page 16


 568:.\Generated_Source\PSoC4/UART_UART.c **** 
 569:.\Generated_Source\PSoC4/UART_UART.c ****     /*******************************************************************************
 570:.\Generated_Source\PSoC4/UART_UART.c ****     * Function Name: UART_UartPutCRLF
 571:.\Generated_Source\PSoC4/UART_UART.c ****     ********************************************************************************
 572:.\Generated_Source\PSoC4/UART_UART.c ****     *
 573:.\Generated_Source\PSoC4/UART_UART.c ****     * Summary:
 574:.\Generated_Source\PSoC4/UART_UART.c ****     *  Places a byte of data followed by a carriage return (0x0D) and
 575:.\Generated_Source\PSoC4/UART_UART.c ****     *  line feed (0x0A) into the transmit buffer.
 576:.\Generated_Source\PSoC4/UART_UART.c ****     *  This function is blocking and waits until there is space available to put
 577:.\Generated_Source\PSoC4/UART_UART.c ****     *  all the requested data into the  transmit buffer.
 578:.\Generated_Source\PSoC4/UART_UART.c ****     *
 579:.\Generated_Source\PSoC4/UART_UART.c ****     * Parameters:
 580:.\Generated_Source\PSoC4/UART_UART.c ****     *  txDataByte : the data to be transmitted.
 581:.\Generated_Source\PSoC4/UART_UART.c ****     *
 582:.\Generated_Source\PSoC4/UART_UART.c ****     * Return:
 583:.\Generated_Source\PSoC4/UART_UART.c ****     *  None
 584:.\Generated_Source\PSoC4/UART_UART.c ****     *
 585:.\Generated_Source\PSoC4/UART_UART.c ****     *******************************************************************************/
 586:.\Generated_Source\PSoC4/UART_UART.c ****     void UART_UartPutCRLF(uint32 txDataByte)
 587:.\Generated_Source\PSoC4/UART_UART.c ****     {
 288              		.loc 1 587 0
 289              		.cfi_startproc
 290 0000 80B5     		push	{r7, lr}
 291              		.cfi_def_cfa_offset 8
 292              		.cfi_offset 7, -8
 293              		.cfi_offset 14, -4
 294 0002 82B0     		sub	sp, sp, #8
 295              		.cfi_def_cfa_offset 16
 296 0004 00AF     		add	r7, sp, #0
 297              		.cfi_def_cfa_register 7
 298 0006 7860     		str	r0, [r7, #4]
 588:.\Generated_Source\PSoC4/UART_UART.c ****         UART_UartPutChar(txDataByte);  /* Blocks control flow until all data has been sent */
 299              		.loc 1 588 0
 300 0008 7B68     		ldr	r3, [r7, #4]
 301 000a 181C     		mov	r0, r3
 302 000c FFF7FEFF 		bl	UART_SpiUartWriteTxData
 589:.\Generated_Source\PSoC4/UART_UART.c ****         UART_UartPutChar(0x0Du);       /* Blocks control flow until all data has been sent */
 303              		.loc 1 589 0
 304 0010 0D20     		mov	r0, #13
 305 0012 FFF7FEFF 		bl	UART_SpiUartWriteTxData
 590:.\Generated_Source\PSoC4/UART_UART.c ****         UART_UartPutChar(0x0Au);       /* Blocks control flow until all data has been sent */
 306              		.loc 1 590 0
 307 0016 0A20     		mov	r0, #10
 308 0018 FFF7FEFF 		bl	UART_SpiUartWriteTxData
 591:.\Generated_Source\PSoC4/UART_UART.c ****     }
 309              		.loc 1 591 0
 310 001c BD46     		mov	sp, r7
 311 001e 02B0     		add	sp, sp, #8
 312              		@ sp needed
 313 0020 80BD     		pop	{r7, pc}
 314              		.cfi_endproc
 315              	.LFE6:
 316              		.size	UART_UartPutCRLF, .-UART_UartPutCRLF
 317 0022 C046     		.section	.text.UART_UartEnableCts,"ax",%progbits
 318              		.align	2
 319              		.global	UART_UartEnableCts
 320              		.code	16
ARM GAS  C:\Users\Admin\AppData\Local\Temp\ccI1jm1B.s 			page 17


 321              		.thumb_func
 322              		.type	UART_UartEnableCts, %function
 323              	UART_UartEnableCts:
 324              	.LFB7:
 592:.\Generated_Source\PSoC4/UART_UART.c **** 
 593:.\Generated_Source\PSoC4/UART_UART.c **** 
 594:.\Generated_Source\PSoC4/UART_UART.c ****     #if !(UART_CY_SCBIP_V0 || UART_CY_SCBIP_V1)
 595:.\Generated_Source\PSoC4/UART_UART.c ****         /*******************************************************************************
 596:.\Generated_Source\PSoC4/UART_UART.c ****         * Function Name: UARTSCB_UartEnableCts
 597:.\Generated_Source\PSoC4/UART_UART.c ****         ********************************************************************************
 598:.\Generated_Source\PSoC4/UART_UART.c ****         *
 599:.\Generated_Source\PSoC4/UART_UART.c ****         * Summary:
 600:.\Generated_Source\PSoC4/UART_UART.c ****         *  Enables usage of CTS input signal by the UART transmitter.
 601:.\Generated_Source\PSoC4/UART_UART.c ****         *
 602:.\Generated_Source\PSoC4/UART_UART.c ****         * Parameters:
 603:.\Generated_Source\PSoC4/UART_UART.c ****         *  None
 604:.\Generated_Source\PSoC4/UART_UART.c ****         *
 605:.\Generated_Source\PSoC4/UART_UART.c ****         * Return:
 606:.\Generated_Source\PSoC4/UART_UART.c ****         *  None
 607:.\Generated_Source\PSoC4/UART_UART.c ****         *
 608:.\Generated_Source\PSoC4/UART_UART.c ****         *******************************************************************************/
 609:.\Generated_Source\PSoC4/UART_UART.c ****         void UART_UartEnableCts(void)
 610:.\Generated_Source\PSoC4/UART_UART.c ****         {
 325              		.loc 1 610 0
 326              		.cfi_startproc
 327 0000 80B5     		push	{r7, lr}
 328              		.cfi_def_cfa_offset 8
 329              		.cfi_offset 7, -8
 330              		.cfi_offset 14, -4
 331 0002 00AF     		add	r7, sp, #0
 332              		.cfi_def_cfa_register 7
 611:.\Generated_Source\PSoC4/UART_UART.c ****             UART_UART_FLOW_CTRL_REG |= (uint32)  UART_UART_FLOW_CTRL_CTS_ENABLE;
 333              		.loc 1 611 0
 334 0004 044B     		ldr	r3, .L15
 335 0006 044A     		ldr	r2, .L15
 336 0008 1268     		ldr	r2, [r2]
 337 000a 8021     		mov	r1, #128
 338 000c 8904     		lsl	r1, r1, #18
 339 000e 0A43     		orr	r2, r1
 340 0010 1A60     		str	r2, [r3]
 612:.\Generated_Source\PSoC4/UART_UART.c ****         }
 341              		.loc 1 612 0
 342 0012 BD46     		mov	sp, r7
 343              		@ sp needed
 344 0014 80BD     		pop	{r7, pc}
 345              	.L16:
 346 0016 C046     		.align	2
 347              	.L15:
 348 0018 50002440 		.word	1076101200
 349              		.cfi_endproc
 350              	.LFE7:
 351              		.size	UART_UartEnableCts, .-UART_UartEnableCts
 352              		.section	.text.UART_UartDisableCts,"ax",%progbits
 353              		.align	2
 354              		.global	UART_UartDisableCts
 355              		.code	16
 356              		.thumb_func
ARM GAS  C:\Users\Admin\AppData\Local\Temp\ccI1jm1B.s 			page 18


 357              		.type	UART_UartDisableCts, %function
 358              	UART_UartDisableCts:
 359              	.LFB8:
 613:.\Generated_Source\PSoC4/UART_UART.c **** 
 614:.\Generated_Source\PSoC4/UART_UART.c **** 
 615:.\Generated_Source\PSoC4/UART_UART.c ****         /*******************************************************************************
 616:.\Generated_Source\PSoC4/UART_UART.c ****         * Function Name: UART_UartDisableCts
 617:.\Generated_Source\PSoC4/UART_UART.c ****         ********************************************************************************
 618:.\Generated_Source\PSoC4/UART_UART.c ****         *
 619:.\Generated_Source\PSoC4/UART_UART.c ****         * Summary:
 620:.\Generated_Source\PSoC4/UART_UART.c ****         *  Disables usage of CTS input signal by the UART transmitter.
 621:.\Generated_Source\PSoC4/UART_UART.c ****         *
 622:.\Generated_Source\PSoC4/UART_UART.c ****         * Parameters:
 623:.\Generated_Source\PSoC4/UART_UART.c ****         *  None
 624:.\Generated_Source\PSoC4/UART_UART.c ****         *
 625:.\Generated_Source\PSoC4/UART_UART.c ****         * Return:
 626:.\Generated_Source\PSoC4/UART_UART.c ****         *  None
 627:.\Generated_Source\PSoC4/UART_UART.c ****         *
 628:.\Generated_Source\PSoC4/UART_UART.c ****         *******************************************************************************/
 629:.\Generated_Source\PSoC4/UART_UART.c ****         void UART_UartDisableCts(void)
 630:.\Generated_Source\PSoC4/UART_UART.c ****         {
 360              		.loc 1 630 0
 361              		.cfi_startproc
 362 0000 80B5     		push	{r7, lr}
 363              		.cfi_def_cfa_offset 8
 364              		.cfi_offset 7, -8
 365              		.cfi_offset 14, -4
 366 0002 00AF     		add	r7, sp, #0
 367              		.cfi_def_cfa_register 7
 631:.\Generated_Source\PSoC4/UART_UART.c ****             UART_UART_FLOW_CTRL_REG &= (uint32) ~UART_UART_FLOW_CTRL_CTS_ENABLE;
 368              		.loc 1 631 0
 369 0004 034B     		ldr	r3, .L18
 370 0006 034A     		ldr	r2, .L18
 371 0008 1168     		ldr	r1, [r2]
 372 000a 034A     		ldr	r2, .L18+4
 373 000c 0A40     		and	r2, r1
 374 000e 1A60     		str	r2, [r3]
 632:.\Generated_Source\PSoC4/UART_UART.c ****         }
 375              		.loc 1 632 0
 376 0010 BD46     		mov	sp, r7
 377              		@ sp needed
 378 0012 80BD     		pop	{r7, pc}
 379              	.L19:
 380              		.align	2
 381              	.L18:
 382 0014 50002440 		.word	1076101200
 383 0018 FFFFFFFD 		.word	-33554433
 384              		.cfi_endproc
 385              	.LFE8:
 386              		.size	UART_UartDisableCts, .-UART_UartDisableCts
 387              		.section	.text.UART_UartSetCtsPolarity,"ax",%progbits
 388              		.align	2
 389              		.global	UART_UartSetCtsPolarity
 390              		.code	16
 391              		.thumb_func
 392              		.type	UART_UartSetCtsPolarity, %function
 393              	UART_UartSetCtsPolarity:
ARM GAS  C:\Users\Admin\AppData\Local\Temp\ccI1jm1B.s 			page 19


 394              	.LFB9:
 633:.\Generated_Source\PSoC4/UART_UART.c **** 
 634:.\Generated_Source\PSoC4/UART_UART.c **** 
 635:.\Generated_Source\PSoC4/UART_UART.c ****         /*******************************************************************************
 636:.\Generated_Source\PSoC4/UART_UART.c ****         * Function Name: UART_UartSetCtsPolarity
 637:.\Generated_Source\PSoC4/UART_UART.c ****         ********************************************************************************
 638:.\Generated_Source\PSoC4/UART_UART.c ****         *
 639:.\Generated_Source\PSoC4/UART_UART.c ****         * Summary:
 640:.\Generated_Source\PSoC4/UART_UART.c ****         *  Sets active polarity of CTS input signal.
 641:.\Generated_Source\PSoC4/UART_UART.c ****         *
 642:.\Generated_Source\PSoC4/UART_UART.c ****         * Parameters:
 643:.\Generated_Source\PSoC4/UART_UART.c ****         *  polarity: Active polarity of CTS output signal.
 644:.\Generated_Source\PSoC4/UART_UART.c ****         *   UART_UART_CTS_ACTIVE_LOW  - CTS signal is active low.
 645:.\Generated_Source\PSoC4/UART_UART.c ****         *   UART_UART_CTS_ACTIVE_HIGH - CTS signal is active high.
 646:.\Generated_Source\PSoC4/UART_UART.c ****         *
 647:.\Generated_Source\PSoC4/UART_UART.c ****         * Return:
 648:.\Generated_Source\PSoC4/UART_UART.c ****         *  None
 649:.\Generated_Source\PSoC4/UART_UART.c ****         *
 650:.\Generated_Source\PSoC4/UART_UART.c ****         *******************************************************************************/
 651:.\Generated_Source\PSoC4/UART_UART.c ****         void UART_UartSetCtsPolarity(uint32 polarity)
 652:.\Generated_Source\PSoC4/UART_UART.c ****         {
 395              		.loc 1 652 0
 396              		.cfi_startproc
 397 0000 80B5     		push	{r7, lr}
 398              		.cfi_def_cfa_offset 8
 399              		.cfi_offset 7, -8
 400              		.cfi_offset 14, -4
 401 0002 82B0     		sub	sp, sp, #8
 402              		.cfi_def_cfa_offset 16
 403 0004 00AF     		add	r7, sp, #0
 404              		.cfi_def_cfa_register 7
 405 0006 7860     		str	r0, [r7, #4]
 653:.\Generated_Source\PSoC4/UART_UART.c ****             if (0u != polarity)
 406              		.loc 1 653 0
 407 0008 7B68     		ldr	r3, [r7, #4]
 408 000a 002B     		cmp	r3, #0
 409 000c 07D0     		beq	.L21
 654:.\Generated_Source\PSoC4/UART_UART.c ****             {
 655:.\Generated_Source\PSoC4/UART_UART.c ****                 UART_UART_FLOW_CTRL_REG |= (uint32)  UART_UART_FLOW_CTRL_CTS_POLARITY;
 410              		.loc 1 655 0
 411 000e 084B     		ldr	r3, .L23
 412 0010 074A     		ldr	r2, .L23
 413 0012 1268     		ldr	r2, [r2]
 414 0014 8021     		mov	r1, #128
 415 0016 4904     		lsl	r1, r1, #17
 416 0018 0A43     		orr	r2, r1
 417 001a 1A60     		str	r2, [r3]
 418 001c 05E0     		b	.L20
 419              	.L21:
 656:.\Generated_Source\PSoC4/UART_UART.c ****             }
 657:.\Generated_Source\PSoC4/UART_UART.c ****             else
 658:.\Generated_Source\PSoC4/UART_UART.c ****             {
 659:.\Generated_Source\PSoC4/UART_UART.c ****                 UART_UART_FLOW_CTRL_REG &= (uint32) ~UART_UART_FLOW_CTRL_CTS_POLARITY;
 420              		.loc 1 659 0
 421 001e 044B     		ldr	r3, .L23
 422 0020 034A     		ldr	r2, .L23
 423 0022 1168     		ldr	r1, [r2]
ARM GAS  C:\Users\Admin\AppData\Local\Temp\ccI1jm1B.s 			page 20


 424 0024 034A     		ldr	r2, .L23+4
 425 0026 0A40     		and	r2, r1
 426 0028 1A60     		str	r2, [r3]
 427              	.L20:
 660:.\Generated_Source\PSoC4/UART_UART.c ****             }
 661:.\Generated_Source\PSoC4/UART_UART.c ****         }
 428              		.loc 1 661 0
 429 002a BD46     		mov	sp, r7
 430 002c 02B0     		add	sp, sp, #8
 431              		@ sp needed
 432 002e 80BD     		pop	{r7, pc}
 433              	.L24:
 434              		.align	2
 435              	.L23:
 436 0030 50002440 		.word	1076101200
 437 0034 FFFFFFFE 		.word	-16777217
 438              		.cfi_endproc
 439              	.LFE9:
 440              		.size	UART_UartSetCtsPolarity, .-UART_UartSetCtsPolarity
 441              		.text
 442              	.Letext0:
 443              		.file 2 ".\\Generated_Source\\PSoC4/cytypes.h"
 444              		.section	.debug_info,"",%progbits
 445              	.Ldebug_info0:
 446 0000 D2010000 		.4byte	0x1d2
 447 0004 0400     		.2byte	0x4
 448 0006 00000000 		.4byte	.Ldebug_abbrev0
 449 000a 04       		.byte	0x4
 450 000b 01       		.uleb128 0x1
 451 000c D0000000 		.4byte	.LASF30
 452 0010 01       		.byte	0x1
 453 0011 26020000 		.4byte	.LASF31
 454 0015 14000000 		.4byte	.LASF32
 455 0019 00000000 		.4byte	.Ldebug_ranges0+0
 456 001d 00000000 		.4byte	0
 457 0021 00000000 		.4byte	.Ldebug_line0
 458 0025 02       		.uleb128 0x2
 459 0026 01       		.byte	0x1
 460 0027 06       		.byte	0x6
 461 0028 97020000 		.4byte	.LASF0
 462 002c 02       		.uleb128 0x2
 463 002d 01       		.byte	0x1
 464 002e 08       		.byte	0x8
 465 002f 4C010000 		.4byte	.LASF1
 466 0033 02       		.uleb128 0x2
 467 0034 02       		.byte	0x2
 468 0035 05       		.byte	0x5
 469 0036 63020000 		.4byte	.LASF2
 470 003a 02       		.uleb128 0x2
 471 003b 02       		.byte	0x2
 472 003c 07       		.byte	0x7
 473 003d 72010000 		.4byte	.LASF3
 474 0041 02       		.uleb128 0x2
 475 0042 04       		.byte	0x4
 476 0043 05       		.byte	0x5
 477 0044 85020000 		.4byte	.LASF4
 478 0048 02       		.uleb128 0x2
ARM GAS  C:\Users\Admin\AppData\Local\Temp\ccI1jm1B.s 			page 21


 479 0049 04       		.byte	0x4
 480 004a 07       		.byte	0x7
 481 004b 60010000 		.4byte	.LASF5
 482 004f 02       		.uleb128 0x2
 483 0050 08       		.byte	0x8
 484 0051 05       		.byte	0x5
 485 0052 00000000 		.4byte	.LASF6
 486 0056 02       		.uleb128 0x2
 487 0057 08       		.byte	0x8
 488 0058 07       		.byte	0x7
 489 0059 E9010000 		.4byte	.LASF7
 490 005d 03       		.uleb128 0x3
 491 005e 04       		.byte	0x4
 492 005f 05       		.byte	0x5
 493 0060 696E7400 		.ascii	"int\000"
 494 0064 02       		.uleb128 0x2
 495 0065 04       		.byte	0x4
 496 0066 07       		.byte	0x7
 497 0067 C6010000 		.4byte	.LASF8
 498 006b 04       		.uleb128 0x4
 499 006c BF010000 		.4byte	.LASF11
 500 0070 02       		.byte	0x2
 501 0071 A3       		.byte	0xa3
 502 0072 48000000 		.4byte	0x48
 503 0076 02       		.uleb128 0x2
 504 0077 04       		.byte	0x4
 505 0078 04       		.byte	0x4
 506 0079 CA000000 		.4byte	.LASF9
 507 007d 02       		.uleb128 0x2
 508 007e 08       		.byte	0x8
 509 007f 04       		.byte	0x4
 510 0080 A2010000 		.4byte	.LASF10
 511 0084 04       		.uleb128 0x4
 512 0085 5A010000 		.4byte	.LASF12
 513 0089 02       		.byte	0x2
 514 008a B2       		.byte	0xb2
 515 008b 8F000000 		.4byte	0x8f
 516 008f 02       		.uleb128 0x2
 517 0090 01       		.byte	0x1
 518 0091 08       		.byte	0x8
 519 0092 5E020000 		.4byte	.LASF13
 520 0096 05       		.uleb128 0x5
 521 0097 0E000000 		.4byte	.LASF14
 522 009b 02       		.byte	0x2
 523 009c 4D01     		.2byte	0x14d
 524 009e A2000000 		.4byte	0xa2
 525 00a2 06       		.uleb128 0x6
 526 00a3 6B000000 		.4byte	0x6b
 527 00a7 02       		.uleb128 0x2
 528 00a8 04       		.byte	0x4
 529 00a9 07       		.byte	0x7
 530 00aa 12020000 		.4byte	.LASF15
 531 00ae 07       		.uleb128 0x7
 532 00af D3010000 		.4byte	.LASF26
 533 00b3 01       		.byte	0x1
 534 00b4 E6       		.byte	0xe6
 535 00b5 00000000 		.4byte	.LFB2
ARM GAS  C:\Users\Admin\AppData\Local\Temp\ccI1jm1B.s 			page 22


 536 00b9 B0000000 		.4byte	.LFE2-.LFB2
 537 00bd 01       		.uleb128 0x1
 538 00be 9C       		.byte	0x9c
 539 00bf 08       		.uleb128 0x8
 540 00c0 A9010000 		.4byte	.LASF16
 541 00c4 01       		.byte	0x1
 542 00c5 3001     		.2byte	0x130
 543 00c7 00000000 		.4byte	.LFB3
 544 00cb 34000000 		.4byte	.LFE3-.LFB3
 545 00cf 01       		.uleb128 0x1
 546 00d0 9C       		.byte	0x9c
 547 00d1 F4000000 		.4byte	0xf4
 548 00d5 09       		.uleb128 0x9
 549 00d6 E1010000 		.4byte	.LASF18
 550 00da 01       		.byte	0x1
 551 00db 3001     		.2byte	0x130
 552 00dd 6B000000 		.4byte	0x6b
 553 00e1 02       		.uleb128 0x2
 554 00e2 91       		.byte	0x91
 555 00e3 6C       		.sleb128 -20
 556 00e4 0A       		.uleb128 0xa
 557 00e5 8E020000 		.4byte	.LASF20
 558 00e9 01       		.byte	0x1
 559 00ea 3201     		.2byte	0x132
 560 00ec 6B000000 		.4byte	0x6b
 561 00f0 02       		.uleb128 0x2
 562 00f1 91       		.byte	0x91
 563 00f2 74       		.sleb128 -12
 564 00f3 00       		.byte	0
 565 00f4 08       		.uleb128 0x8
 566 00f5 82000000 		.4byte	.LASF17
 567 00f9 01       		.byte	0x1
 568 00fa 4D01     		.2byte	0x14d
 569 00fc 00000000 		.4byte	.LFB4
 570 0100 34000000 		.4byte	.LFE4-.LFB4
 571 0104 01       		.uleb128 0x1
 572 0105 9C       		.byte	0x9c
 573 0106 29010000 		.4byte	0x129
 574 010a 09       		.uleb128 0x9
 575 010b 96010000 		.4byte	.LASF19
 576 010f 01       		.byte	0x1
 577 0110 4D01     		.2byte	0x14d
 578 0112 6B000000 		.4byte	0x6b
 579 0116 02       		.uleb128 0x2
 580 0117 91       		.byte	0x91
 581 0118 6C       		.sleb128 -20
 582 0119 0A       		.uleb128 0xa
 583 011a 8E020000 		.4byte	.LASF20
 584 011e 01       		.byte	0x1
 585 011f 4F01     		.2byte	0x14f
 586 0121 6B000000 		.4byte	0x6b
 587 0125 02       		.uleb128 0x2
 588 0126 91       		.byte	0x91
 589 0127 74       		.sleb128 -12
 590 0128 00       		.byte	0
 591 0129 0B       		.uleb128 0xb
 592 012a B7000000 		.4byte	.LASF21
ARM GAS  C:\Users\Admin\AppData\Local\Temp\ccI1jm1B.s 			page 23


 593 012e 01       		.byte	0x1
 594 012f 2A02     		.2byte	0x22a
 595 0131 00000000 		.4byte	.LFB5
 596 0135 34000000 		.4byte	.LFE5-.LFB5
 597 0139 01       		.uleb128 0x1
 598 013a 9C       		.byte	0x9c
 599 013b 5E010000 		.4byte	0x15e
 600 013f 09       		.uleb128 0x9
 601 0140 B0000000 		.4byte	.LASF22
 602 0144 01       		.byte	0x1
 603 0145 2A02     		.2byte	0x22a
 604 0147 5E010000 		.4byte	0x15e
 605 014b 02       		.uleb128 0x2
 606 014c 91       		.byte	0x91
 607 014d 6C       		.sleb128 -20
 608 014e 0A       		.uleb128 0xa
 609 014f 09020000 		.4byte	.LASF23
 610 0153 01       		.byte	0x1
 611 0154 2C02     		.2byte	0x22c
 612 0156 6B000000 		.4byte	0x6b
 613 015a 02       		.uleb128 0x2
 614 015b 91       		.byte	0x91
 615 015c 74       		.sleb128 -12
 616 015d 00       		.byte	0
 617 015e 0C       		.uleb128 0xc
 618 015f 04       		.byte	0x4
 619 0160 64010000 		.4byte	0x164
 620 0164 0D       		.uleb128 0xd
 621 0165 84000000 		.4byte	0x84
 622 0169 0B       		.uleb128 0xb
 623 016a 85010000 		.4byte	.LASF24
 624 016e 01       		.byte	0x1
 625 016f 4A02     		.2byte	0x24a
 626 0171 00000000 		.4byte	.LFB6
 627 0175 22000000 		.4byte	.LFE6-.LFB6
 628 0179 01       		.uleb128 0x1
 629 017a 9C       		.byte	0x9c
 630 017b 8F010000 		.4byte	0x18f
 631 017f 09       		.uleb128 0x9
 632 0180 1B020000 		.4byte	.LASF25
 633 0184 01       		.byte	0x1
 634 0185 4A02     		.2byte	0x24a
 635 0187 6B000000 		.4byte	0x6b
 636 018b 02       		.uleb128 0x2
 637 018c 91       		.byte	0x91
 638 018d 74       		.sleb128 -12
 639 018e 00       		.byte	0
 640 018f 0E       		.uleb128 0xe
 641 0190 4B020000 		.4byte	.LASF27
 642 0194 01       		.byte	0x1
 643 0195 6102     		.2byte	0x261
 644 0197 00000000 		.4byte	.LFB7
 645 019b 1C000000 		.4byte	.LFE7-.LFB7
 646 019f 01       		.uleb128 0x1
 647 01a0 9C       		.byte	0x9c
 648 01a1 0E       		.uleb128 0xe
 649 01a2 9C000000 		.4byte	.LASF28
ARM GAS  C:\Users\Admin\AppData\Local\Temp\ccI1jm1B.s 			page 24


 650 01a6 01       		.byte	0x1
 651 01a7 7502     		.2byte	0x275
 652 01a9 00000000 		.4byte	.LFB8
 653 01ad 1C000000 		.4byte	.LFE8-.LFB8
 654 01b1 01       		.uleb128 0x1
 655 01b2 9C       		.byte	0x9c
 656 01b3 0F       		.uleb128 0xf
 657 01b4 6D020000 		.4byte	.LASF33
 658 01b8 01       		.byte	0x1
 659 01b9 8B02     		.2byte	0x28b
 660 01bb 00000000 		.4byte	.LFB9
 661 01bf 38000000 		.4byte	.LFE9-.LFB9
 662 01c3 01       		.uleb128 0x1
 663 01c4 9C       		.byte	0x9c
 664 01c5 09       		.uleb128 0x9
 665 01c6 00020000 		.4byte	.LASF29
 666 01ca 01       		.byte	0x1
 667 01cb 8B02     		.2byte	0x28b
 668 01cd 6B000000 		.4byte	0x6b
 669 01d1 02       		.uleb128 0x2
 670 01d2 91       		.byte	0x91
 671 01d3 74       		.sleb128 -12
 672 01d4 00       		.byte	0
 673 01d5 00       		.byte	0
 674              		.section	.debug_abbrev,"",%progbits
 675              	.Ldebug_abbrev0:
 676 0000 01       		.uleb128 0x1
 677 0001 11       		.uleb128 0x11
 678 0002 01       		.byte	0x1
 679 0003 25       		.uleb128 0x25
 680 0004 0E       		.uleb128 0xe
 681 0005 13       		.uleb128 0x13
 682 0006 0B       		.uleb128 0xb
 683 0007 03       		.uleb128 0x3
 684 0008 0E       		.uleb128 0xe
 685 0009 1B       		.uleb128 0x1b
 686 000a 0E       		.uleb128 0xe
 687 000b 55       		.uleb128 0x55
 688 000c 17       		.uleb128 0x17
 689 000d 11       		.uleb128 0x11
 690 000e 01       		.uleb128 0x1
 691 000f 10       		.uleb128 0x10
 692 0010 17       		.uleb128 0x17
 693 0011 00       		.byte	0
 694 0012 00       		.byte	0
 695 0013 02       		.uleb128 0x2
 696 0014 24       		.uleb128 0x24
 697 0015 00       		.byte	0
 698 0016 0B       		.uleb128 0xb
 699 0017 0B       		.uleb128 0xb
 700 0018 3E       		.uleb128 0x3e
 701 0019 0B       		.uleb128 0xb
 702 001a 03       		.uleb128 0x3
 703 001b 0E       		.uleb128 0xe
 704 001c 00       		.byte	0
 705 001d 00       		.byte	0
 706 001e 03       		.uleb128 0x3
ARM GAS  C:\Users\Admin\AppData\Local\Temp\ccI1jm1B.s 			page 25


 707 001f 24       		.uleb128 0x24
 708 0020 00       		.byte	0
 709 0021 0B       		.uleb128 0xb
 710 0022 0B       		.uleb128 0xb
 711 0023 3E       		.uleb128 0x3e
 712 0024 0B       		.uleb128 0xb
 713 0025 03       		.uleb128 0x3
 714 0026 08       		.uleb128 0x8
 715 0027 00       		.byte	0
 716 0028 00       		.byte	0
 717 0029 04       		.uleb128 0x4
 718 002a 16       		.uleb128 0x16
 719 002b 00       		.byte	0
 720 002c 03       		.uleb128 0x3
 721 002d 0E       		.uleb128 0xe
 722 002e 3A       		.uleb128 0x3a
 723 002f 0B       		.uleb128 0xb
 724 0030 3B       		.uleb128 0x3b
 725 0031 0B       		.uleb128 0xb
 726 0032 49       		.uleb128 0x49
 727 0033 13       		.uleb128 0x13
 728 0034 00       		.byte	0
 729 0035 00       		.byte	0
 730 0036 05       		.uleb128 0x5
 731 0037 16       		.uleb128 0x16
 732 0038 00       		.byte	0
 733 0039 03       		.uleb128 0x3
 734 003a 0E       		.uleb128 0xe
 735 003b 3A       		.uleb128 0x3a
 736 003c 0B       		.uleb128 0xb
 737 003d 3B       		.uleb128 0x3b
 738 003e 05       		.uleb128 0x5
 739 003f 49       		.uleb128 0x49
 740 0040 13       		.uleb128 0x13
 741 0041 00       		.byte	0
 742 0042 00       		.byte	0
 743 0043 06       		.uleb128 0x6
 744 0044 35       		.uleb128 0x35
 745 0045 00       		.byte	0
 746 0046 49       		.uleb128 0x49
 747 0047 13       		.uleb128 0x13
 748 0048 00       		.byte	0
 749 0049 00       		.byte	0
 750 004a 07       		.uleb128 0x7
 751 004b 2E       		.uleb128 0x2e
 752 004c 00       		.byte	0
 753 004d 3F       		.uleb128 0x3f
 754 004e 19       		.uleb128 0x19
 755 004f 03       		.uleb128 0x3
 756 0050 0E       		.uleb128 0xe
 757 0051 3A       		.uleb128 0x3a
 758 0052 0B       		.uleb128 0xb
 759 0053 3B       		.uleb128 0x3b
 760 0054 0B       		.uleb128 0xb
 761 0055 27       		.uleb128 0x27
 762 0056 19       		.uleb128 0x19
 763 0057 11       		.uleb128 0x11
ARM GAS  C:\Users\Admin\AppData\Local\Temp\ccI1jm1B.s 			page 26


 764 0058 01       		.uleb128 0x1
 765 0059 12       		.uleb128 0x12
 766 005a 06       		.uleb128 0x6
 767 005b 40       		.uleb128 0x40
 768 005c 18       		.uleb128 0x18
 769 005d 9742     		.uleb128 0x2117
 770 005f 19       		.uleb128 0x19
 771 0060 00       		.byte	0
 772 0061 00       		.byte	0
 773 0062 08       		.uleb128 0x8
 774 0063 2E       		.uleb128 0x2e
 775 0064 01       		.byte	0x1
 776 0065 3F       		.uleb128 0x3f
 777 0066 19       		.uleb128 0x19
 778 0067 03       		.uleb128 0x3
 779 0068 0E       		.uleb128 0xe
 780 0069 3A       		.uleb128 0x3a
 781 006a 0B       		.uleb128 0xb
 782 006b 3B       		.uleb128 0x3b
 783 006c 05       		.uleb128 0x5
 784 006d 27       		.uleb128 0x27
 785 006e 19       		.uleb128 0x19
 786 006f 11       		.uleb128 0x11
 787 0070 01       		.uleb128 0x1
 788 0071 12       		.uleb128 0x12
 789 0072 06       		.uleb128 0x6
 790 0073 40       		.uleb128 0x40
 791 0074 18       		.uleb128 0x18
 792 0075 9742     		.uleb128 0x2117
 793 0077 19       		.uleb128 0x19
 794 0078 01       		.uleb128 0x1
 795 0079 13       		.uleb128 0x13
 796 007a 00       		.byte	0
 797 007b 00       		.byte	0
 798 007c 09       		.uleb128 0x9
 799 007d 05       		.uleb128 0x5
 800 007e 00       		.byte	0
 801 007f 03       		.uleb128 0x3
 802 0080 0E       		.uleb128 0xe
 803 0081 3A       		.uleb128 0x3a
 804 0082 0B       		.uleb128 0xb
 805 0083 3B       		.uleb128 0x3b
 806 0084 05       		.uleb128 0x5
 807 0085 49       		.uleb128 0x49
 808 0086 13       		.uleb128 0x13
 809 0087 02       		.uleb128 0x2
 810 0088 18       		.uleb128 0x18
 811 0089 00       		.byte	0
 812 008a 00       		.byte	0
 813 008b 0A       		.uleb128 0xa
 814 008c 34       		.uleb128 0x34
 815 008d 00       		.byte	0
 816 008e 03       		.uleb128 0x3
 817 008f 0E       		.uleb128 0xe
 818 0090 3A       		.uleb128 0x3a
 819 0091 0B       		.uleb128 0xb
 820 0092 3B       		.uleb128 0x3b
ARM GAS  C:\Users\Admin\AppData\Local\Temp\ccI1jm1B.s 			page 27


 821 0093 05       		.uleb128 0x5
 822 0094 49       		.uleb128 0x49
 823 0095 13       		.uleb128 0x13
 824 0096 02       		.uleb128 0x2
 825 0097 18       		.uleb128 0x18
 826 0098 00       		.byte	0
 827 0099 00       		.byte	0
 828 009a 0B       		.uleb128 0xb
 829 009b 2E       		.uleb128 0x2e
 830 009c 01       		.byte	0x1
 831 009d 3F       		.uleb128 0x3f
 832 009e 19       		.uleb128 0x19
 833 009f 03       		.uleb128 0x3
 834 00a0 0E       		.uleb128 0xe
 835 00a1 3A       		.uleb128 0x3a
 836 00a2 0B       		.uleb128 0xb
 837 00a3 3B       		.uleb128 0x3b
 838 00a4 05       		.uleb128 0x5
 839 00a5 27       		.uleb128 0x27
 840 00a6 19       		.uleb128 0x19
 841 00a7 11       		.uleb128 0x11
 842 00a8 01       		.uleb128 0x1
 843 00a9 12       		.uleb128 0x12
 844 00aa 06       		.uleb128 0x6
 845 00ab 40       		.uleb128 0x40
 846 00ac 18       		.uleb128 0x18
 847 00ad 9642     		.uleb128 0x2116
 848 00af 19       		.uleb128 0x19
 849 00b0 01       		.uleb128 0x1
 850 00b1 13       		.uleb128 0x13
 851 00b2 00       		.byte	0
 852 00b3 00       		.byte	0
 853 00b4 0C       		.uleb128 0xc
 854 00b5 0F       		.uleb128 0xf
 855 00b6 00       		.byte	0
 856 00b7 0B       		.uleb128 0xb
 857 00b8 0B       		.uleb128 0xb
 858 00b9 49       		.uleb128 0x49
 859 00ba 13       		.uleb128 0x13
 860 00bb 00       		.byte	0
 861 00bc 00       		.byte	0
 862 00bd 0D       		.uleb128 0xd
 863 00be 26       		.uleb128 0x26
 864 00bf 00       		.byte	0
 865 00c0 49       		.uleb128 0x49
 866 00c1 13       		.uleb128 0x13
 867 00c2 00       		.byte	0
 868 00c3 00       		.byte	0
 869 00c4 0E       		.uleb128 0xe
 870 00c5 2E       		.uleb128 0x2e
 871 00c6 00       		.byte	0
 872 00c7 3F       		.uleb128 0x3f
 873 00c8 19       		.uleb128 0x19
 874 00c9 03       		.uleb128 0x3
 875 00ca 0E       		.uleb128 0xe
 876 00cb 3A       		.uleb128 0x3a
 877 00cc 0B       		.uleb128 0xb
ARM GAS  C:\Users\Admin\AppData\Local\Temp\ccI1jm1B.s 			page 28


 878 00cd 3B       		.uleb128 0x3b
 879 00ce 05       		.uleb128 0x5
 880 00cf 27       		.uleb128 0x27
 881 00d0 19       		.uleb128 0x19
 882 00d1 11       		.uleb128 0x11
 883 00d2 01       		.uleb128 0x1
 884 00d3 12       		.uleb128 0x12
 885 00d4 06       		.uleb128 0x6
 886 00d5 40       		.uleb128 0x40
 887 00d6 18       		.uleb128 0x18
 888 00d7 9742     		.uleb128 0x2117
 889 00d9 19       		.uleb128 0x19
 890 00da 00       		.byte	0
 891 00db 00       		.byte	0
 892 00dc 0F       		.uleb128 0xf
 893 00dd 2E       		.uleb128 0x2e
 894 00de 01       		.byte	0x1
 895 00df 3F       		.uleb128 0x3f
 896 00e0 19       		.uleb128 0x19
 897 00e1 03       		.uleb128 0x3
 898 00e2 0E       		.uleb128 0xe
 899 00e3 3A       		.uleb128 0x3a
 900 00e4 0B       		.uleb128 0xb
 901 00e5 3B       		.uleb128 0x3b
 902 00e6 05       		.uleb128 0x5
 903 00e7 27       		.uleb128 0x27
 904 00e8 19       		.uleb128 0x19
 905 00e9 11       		.uleb128 0x11
 906 00ea 01       		.uleb128 0x1
 907 00eb 12       		.uleb128 0x12
 908 00ec 06       		.uleb128 0x6
 909 00ed 40       		.uleb128 0x40
 910 00ee 18       		.uleb128 0x18
 911 00ef 9742     		.uleb128 0x2117
 912 00f1 19       		.uleb128 0x19
 913 00f2 00       		.byte	0
 914 00f3 00       		.byte	0
 915 00f4 00       		.byte	0
 916              		.section	.debug_aranges,"",%progbits
 917 0000 54000000 		.4byte	0x54
 918 0004 0200     		.2byte	0x2
 919 0006 00000000 		.4byte	.Ldebug_info0
 920 000a 04       		.byte	0x4
 921 000b 00       		.byte	0
 922 000c 0000     		.2byte	0
 923 000e 0000     		.2byte	0
 924 0010 00000000 		.4byte	.LFB2
 925 0014 B0000000 		.4byte	.LFE2-.LFB2
 926 0018 00000000 		.4byte	.LFB3
 927 001c 34000000 		.4byte	.LFE3-.LFB3
 928 0020 00000000 		.4byte	.LFB4
 929 0024 34000000 		.4byte	.LFE4-.LFB4
 930 0028 00000000 		.4byte	.LFB5
 931 002c 34000000 		.4byte	.LFE5-.LFB5
 932 0030 00000000 		.4byte	.LFB6
 933 0034 22000000 		.4byte	.LFE6-.LFB6
 934 0038 00000000 		.4byte	.LFB7
ARM GAS  C:\Users\Admin\AppData\Local\Temp\ccI1jm1B.s 			page 29


 935 003c 1C000000 		.4byte	.LFE7-.LFB7
 936 0040 00000000 		.4byte	.LFB8
 937 0044 1C000000 		.4byte	.LFE8-.LFB8
 938 0048 00000000 		.4byte	.LFB9
 939 004c 38000000 		.4byte	.LFE9-.LFB9
 940 0050 00000000 		.4byte	0
 941 0054 00000000 		.4byte	0
 942              		.section	.debug_ranges,"",%progbits
 943              	.Ldebug_ranges0:
 944 0000 00000000 		.4byte	.LFB2
 945 0004 B0000000 		.4byte	.LFE2
 946 0008 00000000 		.4byte	.LFB3
 947 000c 34000000 		.4byte	.LFE3
 948 0010 00000000 		.4byte	.LFB4
 949 0014 34000000 		.4byte	.LFE4
 950 0018 00000000 		.4byte	.LFB5
 951 001c 34000000 		.4byte	.LFE5
 952 0020 00000000 		.4byte	.LFB6
 953 0024 22000000 		.4byte	.LFE6
 954 0028 00000000 		.4byte	.LFB7
 955 002c 1C000000 		.4byte	.LFE7
 956 0030 00000000 		.4byte	.LFB8
 957 0034 1C000000 		.4byte	.LFE8
 958 0038 00000000 		.4byte	.LFB9
 959 003c 38000000 		.4byte	.LFE9
 960 0040 00000000 		.4byte	0
 961 0044 00000000 		.4byte	0
 962              		.section	.debug_line,"",%progbits
 963              	.Ldebug_line0:
 964 0000 03010000 		.section	.debug_str,"MS",%progbits,1
 964      02004800 
 964      00000201 
 964      FB0E0D00 
 964      01010101 
 965              	.LASF6:
 966 0000 6C6F6E67 		.ascii	"long long int\000"
 966      206C6F6E 
 966      6720696E 
 966      7400
 967              	.LASF14:
 968 000e 72656733 		.ascii	"reg32\000"
 968      3200
 969              	.LASF32:
 970 0014 433A5C55 		.ascii	"C:\\Users\\Admin\\Desktop\\test\\Frequency_Measurem"
 970      73657273 
 970      5C41646D 
 970      696E5C44 
 970      65736B74 
 971 0042 656E745F 		.ascii	"ent_Using_PSoC4_BLE\\Frequency_Measurement_Using_PS"
 971      5573696E 
 971      675F5053 
 971      6F43345F 
 971      424C455C 
 972 0074 6F43345F 		.ascii	"oC4_BLE.cydsn\000"
 972      424C452E 
 972      63796473 
 972      6E00
ARM GAS  C:\Users\Admin\AppData\Local\Temp\ccI1jm1B.s 			page 30


 973              	.LASF17:
 974 0082 55415254 		.ascii	"UART_UartSetRxAddressMask\000"
 974      5F556172 
 974      74536574 
 974      52784164 
 974      64726573 
 975              	.LASF28:
 976 009c 55415254 		.ascii	"UART_UartDisableCts\000"
 976      5F556172 
 976      74446973 
 976      61626C65 
 976      43747300 
 977              	.LASF22:
 978 00b0 73747269 		.ascii	"string\000"
 978      6E6700
 979              	.LASF21:
 980 00b7 55415254 		.ascii	"UART_UartPutString\000"
 980      5F556172 
 980      74507574 
 980      53747269 
 980      6E6700
 981              	.LASF9:
 982 00ca 666C6F61 		.ascii	"float\000"
 982      7400
 983              	.LASF30:
 984 00d0 474E5520 		.ascii	"GNU C 4.8.4 20140526 (release) [ARM/embedded-4_8-br"
 984      4320342E 
 984      382E3420 
 984      32303134 
 984      30353236 
 985 0103 616E6368 		.ascii	"anch revision 211358] -mcpu=cortex-m0 -mthumb -g -O"
 985      20726576 
 985      6973696F 
 985      6E203231 
 985      31333538 
 986 0136 30202D66 		.ascii	"0 -ffunction-sections\000"
 986      66756E63 
 986      74696F6E 
 986      2D736563 
 986      74696F6E 
 987              	.LASF1:
 988 014c 756E7369 		.ascii	"unsigned char\000"
 988      676E6564 
 988      20636861 
 988      7200
 989              	.LASF12:
 990 015a 63686172 		.ascii	"char8\000"
 990      3800
 991              	.LASF5:
 992 0160 6C6F6E67 		.ascii	"long unsigned int\000"
 992      20756E73 
 992      69676E65 
 992      6420696E 
 992      7400
 993              	.LASF3:
 994 0172 73686F72 		.ascii	"short unsigned int\000"
 994      7420756E 
ARM GAS  C:\Users\Admin\AppData\Local\Temp\ccI1jm1B.s 			page 31


 994      7369676E 
 994      65642069 
 994      6E7400
 995              	.LASF24:
 996 0185 55415254 		.ascii	"UART_UartPutCRLF\000"
 996      5F556172 
 996      74507574 
 996      43524C46 
 996      00
 997              	.LASF19:
 998 0196 61646472 		.ascii	"addressMask\000"
 998      6573734D 
 998      61736B00 
 999              	.LASF10:
 1000 01a2 646F7562 		.ascii	"double\000"
 1000      6C6500
 1001              	.LASF16:
 1002 01a9 55415254 		.ascii	"UART_UartSetRxAddress\000"
 1002      5F556172 
 1002      74536574 
 1002      52784164 
 1002      64726573 
 1003              	.LASF11:
 1004 01bf 75696E74 		.ascii	"uint32\000"
 1004      333200
 1005              	.LASF8:
 1006 01c6 756E7369 		.ascii	"unsigned int\000"
 1006      676E6564 
 1006      20696E74 
 1006      00
 1007              	.LASF26:
 1008 01d3 55415254 		.ascii	"UART_UartInit\000"
 1008      5F556172 
 1008      74496E69 
 1008      7400
 1009              	.LASF18:
 1010 01e1 61646472 		.ascii	"address\000"
 1010      65737300 
 1011              	.LASF7:
 1012 01e9 6C6F6E67 		.ascii	"long long unsigned int\000"
 1012      206C6F6E 
 1012      6720756E 
 1012      7369676E 
 1012      65642069 
 1013              	.LASF29:
 1014 0200 706F6C61 		.ascii	"polarity\000"
 1014      72697479 
 1014      00
 1015              	.LASF23:
 1016 0209 62756649 		.ascii	"bufIndex\000"
 1016      6E646578 
 1016      00
 1017              	.LASF15:
 1018 0212 73697A65 		.ascii	"sizetype\000"
 1018      74797065 
 1018      00
 1019              	.LASF25:
ARM GAS  C:\Users\Admin\AppData\Local\Temp\ccI1jm1B.s 			page 32


 1020 021b 74784461 		.ascii	"txDataByte\000"
 1020      74614279 
 1020      746500
 1021              	.LASF31:
 1022 0226 2E5C4765 		.ascii	".\\Generated_Source\\PSoC4\\UART_UART.c\000"
 1022      6E657261 
 1022      7465645F 
 1022      536F7572 
 1022      63655C50 
 1023              	.LASF27:
 1024 024b 55415254 		.ascii	"UART_UartEnableCts\000"
 1024      5F556172 
 1024      74456E61 
 1024      626C6543 
 1024      747300
 1025              	.LASF13:
 1026 025e 63686172 		.ascii	"char\000"
 1026      00
 1027              	.LASF2:
 1028 0263 73686F72 		.ascii	"short int\000"
 1028      7420696E 
 1028      7400
 1029              	.LASF33:
 1030 026d 55415254 		.ascii	"UART_UartSetCtsPolarity\000"
 1030      5F556172 
 1030      74536574 
 1030      43747350 
 1030      6F6C6172 
 1031              	.LASF4:
 1032 0285 6C6F6E67 		.ascii	"long int\000"
 1032      20696E74 
 1032      00
 1033              	.LASF20:
 1034 028e 6D617463 		.ascii	"matchReg\000"
 1034      68526567 
 1034      00
 1035              	.LASF0:
 1036 0297 7369676E 		.ascii	"signed char\000"
 1036      65642063 
 1036      68617200 
 1037              		.ident	"GCC: (GNU Tools for ARM Embedded Processors) 4.8.4 20140526 (release) [ARM/embedded-4_8-br
